Component: ARM Compiler 5.05 update 1 (build 106) Tool: armlink [4d0efa]

==============================================================================

Section Cross References

    main.o(i.main) refers to delay.o(i.delay_init) for delay_init
    main.o(i.main) refers to misc.o(i.NVIC_PriorityGroupConfig) for NVIC_PriorityGroupConfig
    main.o(i.main) refers to usart.o(i.uart_init) for uart_init
    main.o(i.main) refers to led.o(i.LED_Init) for LED_Init
    main.o(i.main) refers to lcd.o(i.LCD_Init) for LCD_Init
    main.o(i.main) refers to key.o(i.KEY_Init) for KEY_Init
    main.o(i.main) refers to lcd.o(i.LCD_ShowString) for LCD_ShowString
    main.o(i.main) refers to lcd.o(i.LCD_Draw_Circle) for LCD_Draw_Circle
    main.o(i.main) refers to dflt_clz.o(x$fpl$dflt) for __aeabi_i2d
    main.o(i.main) refers to dmul.o(x$fpl$dmul) for __aeabi_dmul
    main.o(i.main) refers to ddiv.o(x$fpl$ddiv) for __aeabi_ddiv
    main.o(i.main) refers to sin.o(i.sin) for sin
    main.o(i.main) refers to daddsub_clz.o(x$fpl$drsb) for __aeabi_drsub
    main.o(i.main) refers to dfixu.o(x$fpl$dfixu) for __aeabi_d2uiz
    main.o(i.main) refers to cos.o(i.cos) for cos
    main.o(i.main) refers to lcd.o(i.LCD_ShowNum) for LCD_ShowNum
    main.o(i.main) refers to display.o(i.gui_fill_circle) for gui_fill_circle
    main.o(i.main) refers to display.o(i.show_speed) for show_speed
    main.o(i.main) refers to lcd.o(i.LCD_DrawLine) for LCD_DrawLine
    main.o(i.main) refers to display.o(i.show_bar) for show_bar
    main.o(i.main) refers to delay.o(i.delay_ms) for delay_ms
    main.o(i.main) refers to usart.o(i.Usart_SendGroup) for Usart_SendGroup
    main.o(i.main) refers to touch.o(.data) for tp_dev
    main.o(i.main) refers to lcd.o(.data) for POINT_COLOR
    main.o(i.main) refers to lcd.o(.bss) for lcddev
    system_stm32f10x.o(i.SetSysClock) refers to system_stm32f10x.o(i.SetSysClockTo72) for SetSysClockTo72
    system_stm32f10x.o(i.SystemCoreClockUpdate) refers to system_stm32f10x.o(.data) for SystemCoreClock
    system_stm32f10x.o(i.SystemInit) refers to system_stm32f10x.o(i.SetSysClock) for SetSysClock
    led.o(i.LED_Init) refers to stm32f10x_rcc.o(i.RCC_APB2PeriphClockCmd) for RCC_APB2PeriphClockCmd
    led.o(i.LED_Init) refers to stm32f10x_gpio.o(i.GPIO_Init) for GPIO_Init
    led.o(i.LED_Init) refers to stm32f10x_gpio.o(i.GPIO_SetBits) for GPIO_SetBits
    lcd.o(i.LCD_Clear) refers to lcd.o(i.LCD_SetCursor) for LCD_SetCursor
    lcd.o(i.LCD_Clear) refers to lcd.o(i.LCD_WriteRAM_Prepare) for LCD_WriteRAM_Prepare
    lcd.o(i.LCD_Clear) refers to lcd.o(.bss) for lcddev
    lcd.o(i.LCD_Color_Fill) refers to lcd.o(i.LCD_SetCursor) for LCD_SetCursor
    lcd.o(i.LCD_Color_Fill) refers to lcd.o(i.LCD_WriteRAM_Prepare) for LCD_WriteRAM_Prepare
    lcd.o(i.LCD_DisplayOff) refers to lcd.o(i.LCD_WR_REG) for LCD_WR_REG
    lcd.o(i.LCD_DisplayOff) refers to lcd.o(i.LCD_WriteReg) for LCD_WriteReg
    lcd.o(i.LCD_DisplayOff) refers to lcd.o(.bss) for lcddev
    lcd.o(i.LCD_DisplayOn) refers to lcd.o(i.LCD_WR_REG) for LCD_WR_REG
    lcd.o(i.LCD_DisplayOn) refers to lcd.o(i.LCD_WriteReg) for LCD_WriteReg
    lcd.o(i.LCD_DisplayOn) refers to lcd.o(.bss) for lcddev
    lcd.o(i.LCD_Display_Dir) refers to lcd.o(i.LCD_Scan_Dir) for LCD_Scan_Dir
    lcd.o(i.LCD_Display_Dir) refers to lcd.o(.bss) for lcddev
    lcd.o(i.LCD_DrawLine) refers to lcd.o(i.LCD_DrawPoint) for LCD_DrawPoint
    lcd.o(i.LCD_DrawPoint) refers to lcd.o(i.LCD_SetCursor) for LCD_SetCursor
    lcd.o(i.LCD_DrawPoint) refers to lcd.o(i.LCD_WriteRAM_Prepare) for LCD_WriteRAM_Prepare
    lcd.o(i.LCD_DrawPoint) refers to lcd.o(.data) for POINT_COLOR
    lcd.o(i.LCD_DrawRectangle) refers to lcd.o(i.LCD_DrawLine) for LCD_DrawLine
    lcd.o(i.LCD_Draw_Circle) refers to lcd.o(i.LCD_DrawPoint) for LCD_DrawPoint
    lcd.o(i.LCD_Fast_DrawPoint) refers to lcd.o(i.LCD_WR_REG) for LCD_WR_REG
    lcd.o(i.LCD_Fast_DrawPoint) refers to lcd.o(i.LCD_WriteReg) for LCD_WriteReg
    lcd.o(i.LCD_Fast_DrawPoint) refers to lcd.o(.bss) for lcddev
    lcd.o(i.LCD_Fill) refers to lcd.o(i.LCD_SetCursor) for LCD_SetCursor
    lcd.o(i.LCD_Fill) refers to lcd.o(i.LCD_WriteRAM_Prepare) for LCD_WriteRAM_Prepare
    lcd.o(i.LCD_Fill) refers to lcd.o(.bss) for lcddev
    lcd.o(i.LCD_Init) refers to _printf_percent.o(.ARM.Collect$$_printf_percent$$00000000) for _printf_percent
    lcd.o(i.LCD_Init) refers to _printf_x.o(.ARM.Collect$$_printf_percent$$0000000C) for _printf_x
    lcd.o(i.LCD_Init) refers to _printf_hex_int.o(.text) for _printf_longlong_hex
    lcd.o(i.LCD_Init) refers to stm32f10x_rcc.o(i.RCC_APB2PeriphClockCmd) for RCC_APB2PeriphClockCmd
    lcd.o(i.LCD_Init) refers to stm32f10x_gpio.o(i.GPIO_PinRemapConfig) for GPIO_PinRemapConfig
    lcd.o(i.LCD_Init) refers to stm32f10x_gpio.o(i.GPIO_Init) for GPIO_Init
    lcd.o(i.LCD_Init) refers to stm32f10x_gpio.o(i.GPIO_SetBits) for GPIO_SetBits
    lcd.o(i.LCD_Init) refers to delay.o(i.delay_ms) for delay_ms
[...]
    i.AT24CXX_Init                           0x0800063a   Section        0  24cxx.o(i.AT24CXX_Init)
    i.AT24CXX_ReadLenByte                    0x08000642   Section        0  24cxx.o(i.AT24CXX_ReadLenByte)
    i.AT24CXX_ReadOneByte                    0x0800066e   Section        0  24cxx.o(i.AT24CXX_ReadOneByte)
    i.AT24CXX_WriteLenByte                   0x080006c6   Section        0  24cxx.o(i.AT24CXX_WriteLenByte)
    i.AT24CXX_WriteOneByte                   0x080006f0   Section        0  24cxx.o(i.AT24CXX_WriteOneByte)
    i.BusFault_Handler                       0x08000740   Section        0  stm32f10x_it.o(i.BusFault_Handler)
    i.CT_Delay                               0x08000744   Section        0  ctiic.o(i.CT_Delay)
    i.CT_IIC_Ack                             0x08000750   Section        0  ctiic.o(i.CT_IIC_Ack)
    i.CT_IIC_Init                            0x0800079c   Section        0  ctiic.o(i.CT_IIC_Init)
    i.CT_IIC_NAck                            0x080007e4   Section        0  ctiic.o(i.CT_IIC_NAck)
    i.CT_IIC_Read_Byte                       0x08000830   Section        0  ctiic.o(i.CT_IIC_Read_Byte)
    i.CT_IIC_Send_Byte                       0x08000898   Section        0  ctiic.o(i.CT_IIC_Send_Byte)
    i.CT_IIC_Start                           0x080008f4   Section        0  ctiic.o(i.CT_IIC_Start)
    i.CT_IIC_Stop                            0x0800093c   Section        0  ctiic.o(i.CT_IIC_Stop)
    i.CT_IIC_Wait_Ack                        0x08000984   Section        0  ctiic.o(i.CT_IIC_Wait_Ack)
    i.DebugMon_Handler                       0x080009e8   Section        0  stm32f10x_it.o(i.DebugMon_Handler)
    i.FT5206_Init                            0x080009ec   Section        0  ft5206.o(i.FT5206_Init)
    i.FT5206_RD_Reg                          0x08000adc   Section        0  ft5206.o(i.FT5206_RD_Reg)
    i.FT5206_Scan                            0x08000b34   Section        0  ft5206.o(i.FT5206_Scan)
    i.FT5206_WR_Reg                          0x08000cd0   Section        0  ft5206.o(i.FT5206_WR_Reg)
    i.GPIO_Init                              0x08000d22   Section        0  stm32f10x_gpio.o(i.GPIO_Init)
    i.GPIO_PinRemapConfig                    0x08000e38   Section        0  stm32f10x_gpio.o(i.GPIO_PinRemapConfig)
    i.GPIO_ResetBits                         0x08000ec8   Section        0  stm32f10x_gpio.o(i.GPIO_ResetBits)
    i.GPIO_SetBits                           0x08000ecc   Section        0  stm32f10x_gpio.o(i.GPIO_SetBits)
    i.GT9147_Init                            0x08000ed0   Section        0  gt9147.o(i.GT9147_Init)
    i.GT9147_RD_Reg                          0x08000ff8   Section        0  gt9147.o(i.GT9147_RD_Reg)
    i.GT9147_Scan                            0x0800105c   Section        0  gt9147.o(i.GT9147_Scan)
    i.GT9147_Send_Cfg                        0x08001200   Section        0  gt9147.o(i.GT9147_Send_Cfg)
    i.GT9147_WR_Reg                          0x0800125c   Section        0  gt9147.o(i.GT9147_WR_Reg)
    i.HardFault_Handler                      0x080012b8   Section        0  stm32f10x_it.o(i.HardFault_Handler)
    i.IIC_Ack                                0x080012bc   Section        0  myiic.o(i.IIC_Ack)
    i.IIC_Init                               0x0800130c   Section        0  myiic.o(i.IIC_Init)
    i.IIC_NAck                               0x0800134c   Section        0  myiic.o(i.IIC_NAck)
    i.IIC_Read_Byte                          0x0800139c   Section        0  myiic.o(i.IIC_Read_Byte)
    i.IIC_Send_Byte                          0x0800140c   Section        0  myiic.o(i.IIC_Send_Byte)
    i.IIC_Start                              0x08001474   Section        0  myiic.o(i.IIC_Start)
    i.IIC_Stop                               0x080014c0   Section        0  myiic.o(i.IIC_Stop)
    i.IIC_Wait_Ack                           0x0800150c   Section        0  myiic.o(i.IIC_Wait_Ack)
    i.KEY_Init                               0x08001570   Section        0  key.o(i.KEY_Init)
    i.LCD_Clear                              0x080015d0   Section        0  lcd.o(i.LCD_Clear)
    i.LCD_Display_Dir                        0x08001658   Section        0  lcd.o(i.LCD_Display_Dir)
    i.LCD_DrawLine                           0x08001818   Section        0  lcd.o(i.LCD_DrawLine)
    i.LCD_DrawPoint                          0x080018c8   Section        0  lcd.o(i.LCD_DrawPoint)
    i.LCD_Draw_Circle                        0x08001908   Section        0  lcd.o(i.LCD_Draw_Circle)
    i.LCD_Fast_DrawPoint                     0x080019a0   Section        0  lcd.o(i.LCD_Fast_DrawPoint)
    i.LCD_Fill                               0x08001d04   Section        0  lcd.o(i.LCD_Fill)
    i.LCD_Init                               0x08001dd8   Section        0  lcd.o(i.LCD_Init)
    i.LCD_Pow                                0x08005994   Section        0  lcd.o(i.LCD_Pow)
    i.LCD_RD_DATA                            0x080059ac   Section        0  lcd.o(i.LCD_RD_DATA)
    i.LCD_ReadReg                            0x08005a1c   Section        0  lcd.o(i.LCD_ReadReg)
    i.LCD_SSD_BackLightSet                   0x08005a2c   Section        0  lcd.o(i.LCD_SSD_BackLightSet)
    i.LCD_Scan_Dir                           0x08005b00   Section        0  lcd.o(i.LCD_Scan_Dir)
    i.LCD_SetCursor                          0x08005f58   Section        0  lcd.o(i.LCD_SetCursor)
    i.LCD_ShowChar                           0x08006314   Section        0  lcd.o(i.LCD_ShowChar)
    i.LCD_ShowNum                            0x0800643c   Section        0  lcd.o(i.LCD_ShowNum)
    i.LCD_ShowString                         0x080064d0   Section        0  lcd.o(i.LCD_ShowString)
    i.LCD_WR_DATAX                           0x08006538   Section        0  lcd.o(i.LCD_WR_DATAX)
    i.LCD_WR_REG                             0x0800655c   Section        0  lcd.o(i.LCD_WR_REG)
    i.LCD_WriteRAM_Prepare                   0x08006580   Section        0  lcd.o(i.LCD_WriteRAM_Prepare)
    i.LCD_WriteReg                           0x08006590   Section        0  lcd.o(i.LCD_WriteReg)
    i.LED_Init                               0x080065c0   Section        0  led.o(i.LED_Init)
    i.MemManage_Handler                      0x08006610   Section        0  stm32f10x_it.o(i.MemManage_Handler)
    i.NMI_Handler                            0x08006614   Section        0  stm32f10x_it.o(i.NMI_Handler)
    i.NVIC_Init                              0x08006618   Section        0  misc.o(i.NVIC_Init)
    i.NVIC_PriorityGroupConfig               0x08006688   Section        0  misc.o(i.NVIC_PriorityGroupConfig)
    i.OTT2001A_Init                          0x0800669c   Section        0  ott2001a.o(i.OTT2001A_Init)
    i.OTT2001A_RD_Reg                        0x08006750   Section        0  ott2001a.o(i.OTT2001A_RD_Reg)
    i.OTT2001A_Scan                          0x080067b4   Section        0  ott2001a.o(i.OTT2001A_Scan)
    i.OTT2001A_SensorControl                 0x08006994   Section        0  ott2001a.o(i.OTT2001A_SensorControl)
    i.OTT2001A_WR_Reg                        0x080069b0   Section        0  ott2001a.o(i.OTT2001A_WR_Reg)
    i.PendSV_Handler                         0x08006a0c   Section        0  stm32f10x_it.o(i.PendSV_Handler)
    i.RCC_APB2PeriphClockCmd                 0x08006a10   Section        0  stm32f10x_rcc.o(i.RCC_APB2PeriphClockCmd)
    i.RCC_GetClocksFreq                      0x08006a30   Section        0  stm32f10x_rcc.o(i.RCC_GetClocksFreq)
    i.SVC_Handler                            0x08006b04   Section        0  stm32f10x_it.o(i.SVC_Handler)
    i.SetSysClock                            0x08006b06   Section        0  system_stm32f10x.o(i.SetSysClock)
    SetSysClock                              0x08006b07   Thumb Code     8  system_stm32f10x.o(i.SetSysClock)
    i.SetSysClockTo72                        0x08006b10   Section        0  system_stm32f10x.o(i.SetSysClockTo72)
    SetSysClockTo72                          0x08006b11   Thumb Code   214  system_stm32f10x.o(i.SetSysClockTo72)
    i.SysTick_CLKSourceConfig                0x08006bf0   Section        0  misc.o(i.SysTick_CLKSourceConfig)
    i.SysTick_Handler                        0x08006c18   Section        0  stm32f10x_it.o(i.SysTick_Handler)
    i.SystemInit                             0x08006c1c   Section        0  system_stm32f10x.o(i.SystemInit)
    i.TP_Adj_Info_Show                       0x08006c7c   Section        0  touch.o(i.TP_Adj_Info_Show)
    i.TP_Adjust                              0x08006e24   Section        0  touch.o(i.TP_Adjust)
    i.TP_Drow_Touch_Point                    0x08007324   Section        0  touch.o(i.TP_Drow_Touch_Point)
    i.TP_Get_Adjdata                         0x08007394   Section        0  touch.o(i.TP_Get_Adjdata)
    i.TP_Init                                0x0800743c   Section        0  touch.o(i.TP_Init)
    i.TP_Read_AD                             0x0800754c   Section        0  touch.o(i.TP_Read_AD)
    i.TP_Read_XOY                            0x080075d4   Section        0  touch.o(i.TP_Read_XOY)
    i.TP_Read_XY                             0x0800764c   Section        0  touch.o(i.TP_Read_XY)
    i.TP_Read_XY2                            0x0800767c   Section        0  touch.o(i.TP_Read_XY2)
    i.TP_Save_Adjdata                        0x0800773c   Section        0  touch.o(i.TP_Save_Adjdata)
    i.TP_Scan                                0x080077b4   Section        0  touch.o(i.TP_Scan)
    i.TP_Write_Byte                          0x080078c4   Section        0  touch.o(i.TP_Write_Byte)
    i.USART1_IRQHandler                      0x08007904   Section        0  usart.o(i.USART1_IRQHandler)
    i.USART_Cmd                              0x0800798c   Section        0  stm32f10x_usart.o(i.USART_Cmd)
    i.USART_GetFlagStatus                    0x080079a4   Section        0  stm32f10x_usart.o(i.USART_GetFlagStatus)
    i.USART_GetITStatus                      0x080079be   Section        0  stm32f10x_usart.o(i.USART_GetITStatus)
    i.USART_ITConfig                         0x08007a12   Section        0  stm32f10x_usart.o(i.USART_ITConfig)
    i.USART_Init                             0x08007a5c   Section        0  stm32f10x_usart.o(i.USART_Init)
    i.USART_ReceiveData                      0x08007b34   Section        0  stm32f10x_usart.o(i.USART_ReceiveData)
    i.USART_SendData                         0x08007b3e   Section        0  stm32f10x_usart.o(i.USART_SendData)
    i.UsageFault_Handler                     0x08007b46   Section        0  stm32f10x_it.o(i.UsageFault_Handler)
    i.Usart_SendGroup                        0x08007b4a   Section        0  usart.o(i.Usart_SendGroup)
    i.__ARM_fpclassify                       0x08007b76   Section        0  fpclassify.o(i.__ARM_fpclassify)
    i.__ieee754_rem_pio2                     0x08007ba0   Section        0  rred.o(i.__ieee754_rem_pio2)
    i.__kernel_cos                           0x08007f28   Section        0  cos_i.o(i.__kernel_cos)
    i.__kernel_poly                          0x08008024   Section        0  poly.o(i.__kernel_poly)
    i.__kernel_sin                           0x080080d0   Section        0  sin_i.o(i.__kernel_sin)
    i.__mathlib_dbl_infnan                   0x080081bc   Section        0  dunder.o(i.__mathlib_dbl_infnan)
    i.__mathlib_dbl_invalid                  0x080081c2   Section        0  dunder.o(i.__mathlib_dbl_invalid)
    i.__mathlib_dbl_underflow                0x080081d0   Section        0  dunder.o(i.__mathlib_dbl_underflow)
    i._sys_exit                              0x080081e0   Section        0  usart.o(i._sys_exit)
    i.cos                                    0x080081e8   Section        0  cos.o(i.cos)
    i.delay_init                             0x08008284   Section        0  delay.o(i.delay_init)
    i.delay_ms                               0x080082c8   Section        0  delay.o(i.delay_ms)
    i.delay_us                               0x08008314   Section        0  delay.o(i.delay_us)
    i.fputc                                  0x08008360   Section        0  usart.o(i.fputc)
    i.gui_draw_hline                         0x0800837c   Section        0  display.o(i.gui_draw_hline)
    i.gui_fill_circle                        0x080083a0   Section        0  display.o(i.gui_fill_circle)
    i.lcd_draw_bline                         0x08008450   Section        0  display.o(i.lcd_draw_bline)
    i.main                                   0x08008524   Section        0  main.o(i.main)
    i.show_bar                               0x08008864   Section        0  display.o(i.show_bar)
    i.show_speed                             0x080088f4   Section        0  display.o(i.show_speed)
    i.sin                                    0x08008a40   Section        0  sin.o(i.sin)
    i.sqrt                                   0x08008ae0   Section        0  sqrt.o(i.sqrt)
    i.uart_init                              0x08008b2c   Section        0  usart.o(i.uart_init)
    x$fpl$dadd                               0x08008bcc   Section      336  daddsub_clz.o(x$fpl$dadd)
    _dadd1                                   0x08008bdd   Thumb Code     0  daddsub_clz.o(x$fpl$dadd)
    x$fpl$dcheck1                            0x08008d1c   Section       16  dcheck1.o(x$fpl$dcheck1)
    x$fpl$dcmpinf                            0x08008d2c   Section       24  dcmpi.o(x$fpl$dcmpinf)
    x$fpl$ddiv                               0x08008d44   Section      688  ddiv.o(x$fpl$ddiv)
    ddiv_entry                               0x08008d4b   Thumb Code     0  ddiv.o(x$fpl$ddiv)
    x$fpl$dfix                               0x08008ff4   Section       94  dfix.o(x$fpl$dfix)
    x$fpl$dfixu                              0x08009054   Section       90  dfixu.o(x$fpl$dfixu)
    x$fpl$dflt                               0x080090ae   Section       46  dflt_clz.o(x$fpl$dflt)
    x$fpl$dfltu                              0x080090dc   Section       38  dflt_clz.o(x$fpl$dfltu)
    x$fpl$dleqf                              0x08009104   Section      120  dleqf.o(x$fpl$dleqf)
    x$fpl$dmul                               0x0800917c   Section      340  dmul.o(x$fpl$dmul)
    x$fpl$dnaninf                            0x080092d0   Section      156  dnaninf.o(x$fpl$dnaninf)
    x$fpl$dretinf                            0x0800936c   Section       12  dretinf.o(x$fpl$dretinf)
    x$fpl$drleqf                             0x08009378   Section      108  drleqf.o(x$fpl$drleqf)
    x$fpl$drsb                               0x080093e4   Section       22  daddsub_clz.o(x$fpl$drsb)
    x$fpl$dsqrt                              0x080093fc   Section      460  dsqrt_noumaal.o(x$fpl$dsqrt)
    x$fpl$dsub                               0x080095c8   Section      468  daddsub_clz.o(x$fpl$dsub)
    _dsub1                                   0x080095d9   Thumb Code     0  daddsub_clz.o(x$fpl$dsub)
    x$fpl$f2d                                0x0800979c   Section       86  f2d.o(x$fpl$f2d)
    x$fpl$fadd                               0x080097f4   Section      196  faddsub_clz.o(x$fpl$fadd)
    _fadd1                                   0x08009803   Thumb Code     0  faddsub_clz.o(x$fpl$fadd)
    x$fpl$fdiv                               0x080098b8   Section      388  fdiv.o(x$fpl$fdiv)
    _fdiv1                                   0x080098b9   Thumb Code     0  fdiv.o(x$fpl$fdiv)
    x$fpl$ffix                               0x08009a3c   Section       54  ffix.o(x$fpl$ffix)
    x$fpl$ffixu                              0x08009a74   Section       62  ffixu.o(x$fpl$ffixu)
    x$fpl$fflt                               0x08009ab4   Section       48  fflt_clz.o(x$fpl$fflt)
    x$fpl$ffltu                              0x08009ae4   Section       38  fflt_clz.o(x$fpl$ffltu)
    x$fpl$fmul                               0x08009b0c   Section      258  fmul.o(x$fpl$fmul)
    x$fpl$fnaninf                            0x08009c0e   Section      140  fnaninf.o(x$fpl$fnaninf)
    x$fpl$fretinf                            0x08009c9a   Section       10  fretinf.o(x$fpl$fretinf)
    x$fpl$fsub                               0x08009ca4   Section      234  faddsub_clz.o(x$fpl$fsub)
    _fsub1                                   0x08009cb3   Thumb Code     0  faddsub_clz.o(x$fpl$fsub)
    x$fpl$retnan                             0x08009d8e   Section      100  retnan.o(x$fpl$retnan)
    x$fpl$scalbn                             0x08009df2   Section       92  scalbn.o(x$fpl$scalbn)
    x$fpl$trapveneer                         0x08009e4e   Section       48  trapv.o(x$fpl$trapveneer)
    .constdata                               0x08009e7e   Section     6080  lcd.o(.constdata)
    x$fpl$usenofp                            0x08009e7e   Section        0  usenofp.o(x$fpl$usenofp)
    .constdata                               0x0800b63e   Section       10  ott2001a.o(.constdata)
    .constdata                               0x0800b648   Section       12  touch.o(.constdata)
    .constdata                               0x0800b654   Section      194  gt9147.o(.constdata)
    .constdata                               0x0800b716   Section       10  ft5206.o(.constdata)
    .constdata                               0x0800b720   Section       40  _printf_hex_int.o(.constdata)
    uc_hextab                                0x0800b720   Data          20  _printf_hex_int.o(.constdata)
    lc_hextab                                0x0800b734   Data          20  _printf_hex_int.o(.constdata)
    .constdata                               0x0800b748   Section       48  cos_i.o(.constdata)
    C                                        0x0800b748   Data          48  cos_i.o(.constdata)
    .constdata                               0x0800b778   Section      200  rred.o(.constdata)
    pio2s                                    0x0800b778   Data          48  rred.o(.constdata)
    twooverpi                                0x0800b7a8   Data         152  rred.o(.constdata)
    .constdata                               0x0800b840   Section       40  sin_i.o(.constdata)
    S                                        0x0800b840   Data          40  sin_i.o(.constdata)
    .conststring                             0x0800b868   Section      121  touch.o(.conststring)
    .data                                    0x20000000   Section       20  system_stm32f10x.o(.data)
    .data                                    0x20000014   Section        4  lcd.o(.data)
    .data                                    0x20000018   Section        1  ott2001a.o(.data)
    t                                        0x20000018   Data           1  ott2001a.o(.data)
    .data                                    0x2000001c   Section       60  touch.o(.data)
    .data                                    0x20000058   Section        1  gt9147.o(.data)
    t                                        0x20000058   Data           1  gt9147.o(.data)
    .data                                    0x20000059   Section        1  ft5206.o(.data)
    t                                        0x20000059   Data           1  ft5206.o(.data)
    .data                                    0x2000005a   Section        4  display.o(.data)
    last_x0                                  0x2000005a   Data           2  display.o(.data)
    last_y0                                  0x2000005c   Data           2  display.o(.data)
    .data                                    0x2000005e   Section        4  delay.o(.data)
    fac_us                                   0x2000005e   Data           1  delay.o(.data)
    fac_ms                                   0x20000060   Data           2  delay.o(.data)
    .data                                    0x20000064   Section        6  usart.o(.data)
    .data                                    0x2000006a   Section       20  stm32f10x_rcc.o(.data)
    APBAHBPrescTable                         0x2000006a   Data          16  stm32f10x_rcc.o(.data)
    ADCPrescTable                            0x2000007a   Data           4  stm32f10x_rcc.o(.data)
    .bss                                     0x20000080   Section       14  lcd.o(.bss)
    .bss                                     0x2000008e   Section      200  usart.o(.bss)
    .bss                                     0x20000158   Section       96  libspace.o(.bss)
    HEAP                                     0x200001b8   Section      512  startup_stm32f10x_hd.o(HEAP)
    Heap_Mem                                 0x200001b8   Data         512  startup_stm32f10x_hd.o(HEAP)
    STACK                                    0x200003b8   Section     1024  startup_stm32f10x_hd.o(STACK)
    Stack_Mem                                0x200003b8   Data        1024  startup_stm32f10x_hd.o(STACK)
    __initial_sp                             0x200007b8   Data           0  startup_stm32f10x_hd.o(STACK)

    Global Symbols

    Symbol Name                              Value     Ov Type        Size  Object(Section)

    BuildAttributes$$THM_ISAv4$P$D$K$B$S$PE$A:L22UL41UL21$X:L11$S22US41US21$IEEE1$IW$USESV6$~STKCKD$USESV7$~SHL$OTIME$ROPI$IEEEX$EBA8$UX$STANDARDLIB$REQ8$PRES8$EABIv2 0x00000000   Number         0  anon$$obj.o ABSOLUTE
    __ARM_use_no_argv                        0x00000000   Number         0  main.o ABSOLUTE
    __ARM_exceptions_init                     - Undefined Weak Reference
    __alloca_initialize                       - Undefined Weak Reference
    __arm_preinit_                            - Undefined Weak Reference
    __cpp_initialize__aeabi_                  - Undefined Weak Reference
    __cxa_finalize                            - Undefined Weak Reference
    __rt_locale                               - Undefined Weak Reference
    __sigvec_lookup                           - Undefined Weak Reference
    _atexit_init                              - Undefined Weak Reference
    _call_atexit_fns                          - Undefined Weak Reference
    _clock_init                               - Undefined Weak Reference
    _fp_trap_init                             - Undefined Weak Reference
    _fp_trap_shutdown                         - Undefined Weak Reference
    _get_lc_collate                           - Undefined Weak Reference
    _get_lc_ctype                             - Undefined Weak Reference
    _get_lc_monetary                          - Undefined Weak Reference
    _get_lc_numeric                           - Undefined Weak Reference
    _get_lc_time                              - Undefined Weak Reference
    _getenv_init                              - Undefined Weak Reference
    _handle_redirection                       - Undefined Weak Reference
    _init_alloc                               - Undefined Weak Reference
    _init_user_alloc                          - Undefined Weak Reference
    _initio                                   - Undefined Weak Reference
    _mutex_acquire                            - Undefined Weak Reference
    _mutex_release                            - Undefined Weak Reference
    _printf_mbtowc                            - Undefined Weak Reference
    _printf_post_padding                      - Undefined Weak Reference
    _printf_pre_padding                       - Undefined Weak Reference
    _printf_truncate_signed                   - Undefined Weak Reference
    _printf_truncate_unsigned                 - Undefined Weak Reference
    _rand_init                                - Undefined Weak Reference
    _signal_finish                            - Undefined Weak Reference
    _signal_init                              - Undefined Weak Reference
    _terminate_alloc                          - Undefined Weak Reference
    _terminate_user_alloc                     - Undefined Weak Reference
    _terminateio                              - Undefined Weak Reference
    __Vectors_Size                           0x00000130   Number         0  startup_stm32f10x_hd.o ABSOLUTE
    __Vectors                                0x08000000   Data           4  startup_stm32f10x_hd.o(RESET)
    __Vectors_End                            0x08000130   Data           0  startup_stm32f10x_hd.o(RESET)
    __main                                   0x08000131   Thumb Code     8  __main.o(!!!main)
    __scatterload                            0x08000139   Thumb Code     0  __scatter.o(!!!scatter)
    __scatterload_rt2                        0x08000139   Thumb Code    44  __scatter.o(!!!scatter)
    __scatterload_rt2_thumb_only             0x08000139   Thumb Code     0  __scatter.o(!!!scatter)
    __scatterload_null                       0x08000147   Thumb Code     0  __scatter.o(!!!scatter)
    __scatterload_copy                       0x0800016d   Thumb Code    26  __scatter_copy.o(!!handler_copy)
    __scatterload_zeroinit                   0x08000189   Thumb Code    28  __scatter_zi.o(!!handler_zi)
    _printf_d                                0x080001a5   Thumb Code     0  _printf_d.o(.ARM.Collect$$_printf_percent$$00000009)
    _printf_percent                          0x080001a5   Thumb Code     0  _printf_percent.o(.ARM.Collect$$_printf_percent$$00000000)
    _printf_x                                0x080001ab   Thumb Code     0  _printf_x.o(.ARM.Collect$$_printf_percent$$0000000C)
    _printf_s                                0x080001b1   Thumb Code     0  _printf_s.o(.ARM.Collect$$_printf_percent$$00000014)
    _printf_percent_end                      0x080001b7   Thumb Code     0  _printf_percent_end.o(.ARM.Collect$$_printf_percent$$00000017)
    __rt_lib_init                            0x080001bb   Thumb Code     0  libinit.o(.ARM.Collect$$libinit$$00000000)
    __rt_lib_init_alloca_1                   0x080001bd   Thumb Code     0  libinit2.o(.ARM.Collect$$libinit$$0000002E)
    __rt_lib_init_argv_1                     0x080001bd   Thumb Code     0  libinit2.o(.ARM.Collect$$libinit$$0000002C)
    __rt_lib_init_atexit_1                   0x080001bd   Thumb Code     0  libinit2.o(.ARM.Collect$$libinit$$0000001B)
    __rt_lib_init_clock_1                    0x080001bd   Thumb Code     0  libinit2.o(.ARM.Collect$$libinit$$00000021)
    __rt_lib_init_cpp_1                      0x080001bd   Thumb Code     0  libinit2.o(.ARM.Collect$$libinit$$00000032)
    __rt_lib_init_exceptions_1               0x080001bd   Thumb Code     0  libinit2.o(.ARM.Collect$$libinit$$00000030)
    __rt_lib_init_fp_1                       0x080001bd   Thumb Code     0  libinit2.o(.ARM.Collect$$libinit$$00000002)
    __rt_lib_init_fp_trap_1                  0x080001bd   Thumb Code     0  libinit2.o(.ARM.Collect$$libinit$$0000001F)
    __rt_lib_init_getenv_1                   0x080001bd   Thumb Code     0  libinit2.o(.ARM.Collect$$libinit$$00000023)
    __rt_lib_init_heap_1                     0x080001bd   Thumb Code     0  libinit2.o(.ARM.Collect$$libinit$$0000000A)
    __rt_lib_init_lc_collate_1               0x080001bd   Thumb Code     0  libinit2.o(.ARM.Collect$$libinit$$00000011)
    __rt_lib_init_lc_ctype_1                 0x080001bd   Thumb Code     0  libinit2.o(.ARM.Collect$$libinit$$00000013)
    __rt_lib_init_lc_monetary_1              0x080001bd   Thumb Code     0  libinit2.o(.ARM.Collect$$libinit$$00000015)
    __rt_lib_init_lc_numeric_1               0x080001bd   Thumb Code     0  libinit2.o(.ARM.Collect$$libinit$$00000017)
    __rt_lib_init_lc_time_1                  0x080001bd   Thumb Code     0  libinit2.o(.ARM.Collect$$libinit$$00000019)
    __rt_lib_init_preinit_1                  0x080001bd   Thumb Code     0  libinit2.o(.ARM.Collect$$libinit$$00000004)
    __rt_lib_init_rand_1                     0x080001bd   Thumb Code     0  libinit2.o(.ARM.Collect$$libinit$$0000000E)
    __rt_lib_init_return                     0x080001bd   Thumb Code     0  libinit2.o(.ARM.Collect$$libinit$$00000033)
    __rt_lib_init_signal_1                   0x080001bd   Thumb Code     0  libinit2.o(.ARM.Collect$$libinit$$0000001D)
    __rt_lib_init_stdio_1                    0x080001bd   Thumb Code     0  libinit2.o(.ARM.Collect$$libinit$$00000025)
    __rt_lib_init_user_alloc_1               0x080001bd   Thumb Code     0  libinit2.o(.ARM.Collect$$libinit$$0000000C)
    __rt_lib_shutdown                        0x080001bf   Thumb Code     0  libshutdown.o(.ARM.Collect$$libshutdown$$00000000)
    __rt_lib_shutdown_fp_trap_1              0x080001c1   Thumb Code     0  libshutdown2.o(.ARM.Collect$$libshutdown$$00000006)
    __rt_lib_shutdown_heap_1                 0x080001c1   Thumb Code     0  libshutdown2.o(.ARM.Collect$$libshutdown$$0000000E)
    __rt_lib_shutdown_return                 0x080001c1   Thumb Code     0  libshutdown2.o(.ARM.Collect$$libshutdown$$0000000F)
    __rt_lib_shutdown_signal_1               0x080001c1   Thumb Code     0  libshutdown2.o(.ARM.Collect$$libshutdown$$00000009)
    __rt_lib_shutdown_stdio_1                0x080001c1   Thumb Code     0  libshutdown2.o(.ARM.Collect$$libshutdown$$00000003)
    __rt_lib_shutdown_user_alloc_1           0x080001c1   Thumb Code     0  libshutdown2.o(.ARM.Collect$$libshutdown$$0000000B)
    __rt_entry                               0x080001c3   Thumb Code     0  __rtentry.o(.ARM.Collect$$rtentry$$00000000)
    __rt_entry_presh_1                       0x080001c3   Thumb Code     0  __rtentry2.o(.ARM.Collect$$rtentry$$00000002)
    __rt_entry_sh                            0x080001c3   Thumb Code     0  __rtentry4.o(.ARM.Collect$$rtentry$$00000004)
    __rt_entry_li                            0x080001c9   Thumb Code     0  __rtentry2.o(.ARM.Collect$$rtentry$$0000000A)
    __rt_entry_postsh_1                      0x080001c9   Thumb Code     0  __rtentry2.o(.ARM.Collect$$rtentry$$00000009)
    __rt_entry_main                          0x080001cd   Thumb Code     0  __rtentry2.o(.ARM.Collect$$rtentry$$0000000D)
    __rt_entry_postli_1                      0x080001cd   Thumb Code     0  __rtentry2.o(.ARM.Collect$$rtentry$$0000000C)
    __rt_exit                                0x080001d5   Thumb Code     0  rtexit.o(.ARM.Collect$$rtexit$$00000000)
    __rt_exit_ls                             0x080001d7   Thumb Code     0  rtexit2.o(.ARM.Collect$$rtexit$$00000003)
    __rt_exit_prels_1                        0x080001d7   Thumb Code     0  rtexit2.o(.ARM.Collect$$rtexit$$00000002)
    __rt_exit_exit                           0x080001db   Thumb Code     0  rtexit2.o(.ARM.Collect$$rtexit$$00000004)
    Reset_Handler                            0x080001e1   Thumb Code     8  startup_stm32f10x_hd.o(.text)
    ADC1_2_IRQHandler                        0x080001fb   Thumb Code     0  startup_stm32f10x_hd.o(.text)
    ADC3_IRQHandler                          0x080001fb   Thumb Code     0  startup_stm32f10x_hd.o(.text)
    CAN1_RX1_IRQHandler                      0x080001fb   Thumb Code     0  startup_stm32f10x_hd.o(.text)
    CAN1_SCE_IRQHandler                      0x080001fb   Thumb Code     0  startup_stm32f10x_hd.o(.text)
    DMA1_Channel1_IRQHandler                 0x080001fb   Thumb Code     0  startup_stm32f10x_hd.o(.text)
    DMA1_Channel2_IRQHandler                 0x080001fb   Thumb Code     0  startup_stm32f10x_hd.o(.text)
    DMA1_Channel3_IRQHandler                 0x080001fb   Thumb Code     0  startup_stm32f10x_hd.o(.text)
    DMA1_Channel4_IRQHandler                 0x080001fb   Thumb Code     0  startup_stm32f10x_hd.o(.text)
    DMA1_Channel5_IRQHandler                 0x080001fb   Thumb Code     0  startup_stm32f10x_hd.o(.text)
    DMA1_Channel6_IRQHandler                 0x080001fb   Thumb Code     0  startup_stm32f10x_hd.o(.text)
    DMA1_Channel7_IRQHandler                 0x080001fb   Thumb Code     0  startup_stm32f10x_hd.o(.text)
    DMA2_Channel1_IRQHandler                 0x080001fb   Thumb Code     0  startup_stm32f10x_hd.o(.text)
    DMA2_Channel2_IRQHandler                 0x080001fb   Thumb Code     0  startup_stm32f10x_hd.o(.text)
    DMA2_Channel3_IRQHandler                 0x080001fb   Thumb Code     0  startup_stm32f10x_hd.o(.text)
    DMA2_Channel4_5_IRQHandler               0x080001fb   Thumb Code     0  startup_stm32f10x_hd.o(.text)
    EXTI0_IRQHandler                         0x080001fb   Thumb Code     0  startup_stm32f10x_hd.o(.text)
    EXTI15_10_IRQHandler                     0x080001fb   Thumb Code     0  startup_stm32f10x_hd.o(.text)
    EXTI1_IRQHandler                         0x080001fb   Thumb Code     0  startup_stm32f10x_hd.o(.text)
    EXTI2_IRQHandler                         0x080001fb   Thumb Code     0  startup_stm32f10x_hd.o(.text)
    EXTI3_IRQHandler                         0x080001fb   Thumb Code     0  startup_stm32f10x_hd.o(.text)
    EXTI4_IRQHandler                         0x080001fb   Thumb Code     0  startup_stm32f10x_hd.o(.text)
    EXTI9_5_IRQHandler                       0x080001fb   Thumb Code     0  startup_stm32f10x_hd.o(.text)
    FLASH_IRQHandler                         0x080001fb   Thumb Code     0  startup_stm32f10x_hd.o(.text)
    FSMC_IRQHandler                          0x080001fb   Thumb Code     0  startup_stm32f10x_hd.o(.text)
    I2C1_ER_IRQHandler                       0x080001fb   Thumb Code     0  startup_stm32f10x_hd.o(.text)
    I2C1_EV_IRQHandler                       0x080001fb   Thumb Code     0  startup_stm32f10x_hd.o(.text)
    I2C2_ER_IRQHandler                       0x080001fb   Thumb Code     0  startup_stm32f10x_hd.o(.text)
    I2C2_EV_IRQHandler                       0x080001fb   Thumb Code     0  startup_stm32f10x_hd.o(.text)
    PVD_IRQHandler                           0x080001fb   Thumb Code     0  startup_stm32f10x_hd.o(.text)
    RCC_IRQHandler                           0x080001fb   Thumb Code     0  startup_stm32f10x_hd.o(.text)
    RTCAlarm_IRQHandler                      0x080001fb   Thumb Code     0  startup_stm32f10x_hd.o(.text)
    RTC_IRQHandler                           0x080001fb   Thumb Code     0  startup_stm32f10x_hd.o(.text)
    SDIO_IRQHandler                          0x080001fb   Thumb Code     0  startup_stm32f10x_hd.o(.text)
    SPI1_IRQHandler                          0x080001fb   Thumb Code     0  startup_stm32f10x_hd.o(.text)
    SPI2_IRQHandler                          0x080001fb   Thumb Code     0  startup_stm32f10x_hd.o(.text)
    SPI3_IRQHandler                          0x080001fb   Thumb Code     0  startup_stm32f10x_hd.o(.text)
    TAMPER_IRQHandler                        0x080001fb   Thumb Code     0  startup_stm32f10x_hd.o(.text)
    TIM1_BRK_IRQHandler                      0x080001fb   Thumb Code     0  startup_stm32f10x_hd.o(.text)
    TIM1_CC_IRQHandler                       0x080001fb   Thumb Code     0  startup_stm32f10x_hd.o(.text)
    TIM1_TRG_COM_IRQHandler                  0x080001fb   Thumb Code     0  startup_stm32f10x_hd.o(.text)
    TIM1_UP_IRQHandler                       0x080001fb   Thumb Code     0  startup_stm32f10x_hd.o(.text)
    TIM2_IRQHandler                          0x080001fb   Thumb Code     0  startup_stm32f10x_hd.o(.text)
    TIM3_IRQHandler                          0x080001fb   Thumb Code     0  startup_stm32f10x_hd.o(.text)
    TIM4_IRQHandler                          0x080001fb   Thumb Code     0  startup_stm32f10x_hd.o(.text)
    TIM5_IRQHandler                          0x080001fb   Thumb Code     0  startup_stm32f10x_hd.o(.text)
    TIM6_IRQHandler                          0x080001fb   Thumb Code     0  startup_stm32f10x_hd.o(.text)
    TIM7_IRQHandler                          0x080001fb   Thumb Code     0  startup_stm32f10x_hd.o(.text)
    TIM8_BRK_IRQHandler                      0x080001fb   Thumb Code     0  startup_stm32f10x_hd.o(.text)
    TIM8_CC_IRQHandler                       0x080001fb   Thumb Code     0  startup_stm32f10x_hd.o(.text)
    TIM8_TRG_COM_IRQHandler                  0x080001fb   Thumb Code     0  startup_stm32f10x_hd.o(.text)
    TIM8_UP_IRQHandler                       0x080001fb   Thumb Code     0  startup_stm32f10x_hd.o(.text)
    UART4_IRQHandler                         0x080001fb   Thumb Code     0  startup_stm32f10x_hd.o(.text)
    UART5_IRQHandler                         0x080001fb   Thumb Code     0  startup_stm32f10x_hd.o(.text)
    USART2_IRQHandler                        0x080001fb   Thumb Code     0  startup_stm32f10x_hd.o(.text)
    USART3_IRQHandler                        0x080001fb   Thumb Code     0  startup_stm32f10x_hd.o(.text)
    USBWakeUp_IRQHandler                     0x080001fb   Thumb Code     0  startup_stm32f10x_hd.o(.text)
    USB_HP_CAN1_TX_IRQHandler                0x080001fb   Thumb Code     0  startup_stm32f10x_hd.o(.text)
    USB_LP_CAN1_RX0_IRQHandler               0x080001fb   Thumb Code     0  startup_stm32f10x_hd.o(.text)
    WWDG_IRQHandler                          0x080001fb   Thumb Code     0  startup_stm32f10x_hd.o(.text)
    __user_initial_stackheap                 0x080001fd   Thumb Code     0  startup_stm32f10x_hd.o(.text)
    __use_no_semihosting                     0x08000221   Thumb Code     2  use_no_semi_2.o(.text)
    __2printf                                0x08000225   Thumb Code    20  noretval__2printf.o(.text)
    __2sprintf                               0x0800023d   Thumb Code    34  noretval__2sprintf.o(.text)
    __printf                                 0x08000265   Thumb Code   104  __printf.o(.text)
    _printf_str                              0x080002cd   Thumb Code    82  _printf_str.o(.text)
    _printf_int_dec                          0x08000321   Thumb Code   104  _printf_dec.o(.text)
    _printf_int_hex                          0x08000399   Thumb Code    84  _printf_hex_int.o(.text)
    _printf_longlong_hex                     0x08000399   Thumb Code     0  _printf_hex_int.o(.text)
    strcmp                                   0x080003f1   Thumb Code   128  strcmpv7m.o(.text)
    __use_two_region_memory                  0x08000471   Thumb Code     2  heapauxi.o(.text)
    __rt_heap_escrow$2region                 0x08000473   Thumb Code     2  heapauxi.o(.text)
    __rt_heap_expand$2region                 0x08000475   Thumb Code     2  heapauxi.o(.text)
    __I$use$semihosting                      0x08000477   Thumb Code     0  use_no_semi.o(.text)
    __use_no_semihosting_swi                 0x08000477   Thumb Code     2  use_no_semi.o(.text)
    __read_errno                             0x08000479   Thumb Code    10  _rserrno.o(.text)
    __set_errno                              0x08000483   Thumb Code    12  _rserrno.o(.text)
    _printf_int_common                       0x0800048f   Thumb Code   178  _printf_intcommon.o(.text)
    _printf_char_common                      0x0800054b   Thumb Code    32  _printf_char_common.o(.text)
    _sputc                                   0x08000571   Thumb Code    10  _sputc.o(.text)
    _printf_cs_common                        0x0800057b   Thumb Code    20  _printf_char.o(.text)
    _printf_char                             0x0800058f   Thumb Code    16  _printf_char.o(.text)
    _printf_string                           0x0800059f   Thumb Code     8  _printf_char.o(.text)
    _printf_char_file                        0x080005a9   Thumb Code    32  _printf_char_file.o(.text)
    __aeabi_errno_addr                       0x080005cd   Thumb Code     8  rt_errno_addr_intlibspace.o(.text)
    __errno$intlibspace                      0x080005cd   Thumb Code     0  rt_errno_addr_intlibspace.o(.text)
    __rt_errno_addr$intlibspace              0x080005cd   Thumb Code     0  rt_errno_addr_intlibspace.o(.text)
    ferror                                   0x080005d5   Thumb Code     8  ferror.o(.text)
    __user_libspace                          0x080005dd   Thumb Code     8  libspace.o(.text)
    __user_perproc_libspace                  0x080005dd   Thumb Code     0  libspace.o(.text)
    __user_perthread_libspace                0x080005dd   Thumb Code     0  libspace.o(.text)
    __user_setup_stackheap                   0x080005e5   Thumb Code    74  sys_stackheap_outer.o(.text)
    exit                                     0x0800062f   Thumb Code    12  exit.o(.text)
    AT24CXX_Init                             0x0800063b   Thumb Code     8  24cxx.o(i.AT24CXX_Init)
    AT24CXX_ReadLenByte                      0x08000643   Thumb Code    44  24cxx.o(i.AT24CXX_ReadLenByte)
    AT24CXX_ReadOneByte                      0x0800066f   Thumb Code    88  24cxx.o(i.AT24CXX_ReadOneByte)
    AT24CXX_WriteLenByte                     0x080006c7   Thumb Code    42  24cxx.o(i.AT24CXX_WriteLenByte)
    AT24CXX_WriteOneByte                     0x080006f1   Thumb Code    80  24cxx.o(i.AT24CXX_WriteOneByte)
    BusFault_Handler                         0x08000741   Thumb Code     4  stm32f10x_it.o(i.BusFault_Handler)
    CT_Delay                                 0x08000745   Thumb Code    10  ctiic.o(i.CT_Delay)
    CT_IIC_Ack                               0x08000751   Thumb Code    62  ctiic.o(i.CT_IIC_Ack)
    CT_IIC_Init                              0x0800079d   Thumb Code    62  ctiic.o(i.CT_IIC_Init)
    CT_IIC_NAck                              0x080007e5   Thumb Code    62  ctiic.o(i.CT_IIC_NAck)
    CT_IIC_Read_Byte                         0x08000831   Thumb Code    92  ctiic.o(i.CT_IIC_Read_Byte)
    CT_IIC_Send_Byte                         0x08000899   Thumb Code    80  ctiic.o(i.CT_IIC_Send_Byte)
    CT_IIC_Start                             0x080008f5   Thumb Code    60  ctiic.o(i.CT_IIC_Start)
    CT_IIC_Stop                              0x0800093d   Thumb Code    60  ctiic.o(i.CT_IIC_Stop)
    CT_IIC_Wait_Ack                          0x08000985   Thumb Code    86  ctiic.o(i.CT_IIC_Wait_Ack)
    DebugMon_Handler                         0x080009e9   Thumb Code     2  stm32f10x_it.o(i.DebugMon_Handler)
    FT5206_Init                              0x080009ed   Thumb Code   214  ft5206.o(i.FT5206_Init)
    FT5206_RD_Reg                            0x08000add   Thumb Code    88  ft5206.o(i.FT5206_RD_Reg)
    FT5206_Scan                              0x08000b35   Thumb Code   400  ft5206.o(i.FT5206_Scan)
    FT5206_WR_Reg                            0x08000cd1   Thumb Code    82  ft5206.o(i.FT5206_WR_Reg)
    GPIO_Init                                0x08000d23   Thumb Code   278  stm32f10x_gpio.o(i.GPIO_Init)
    GPIO_PinRemapConfig                      0x08000e39   Thumb Code   138  stm32f10x_gpio.o(i.GPIO_PinRemapConfig)
    GPIO_ResetBits                           0x08000ec9   Thumb Code     4  stm32f10x_gpio.o(i.GPIO_ResetBits)
    GPIO_SetBits                             0x08000ecd   Thumb Code     4  stm32f10x_gpio.o(i.GPIO_SetBits)
    GT9147_Init                              0x08000ed1   Thumb Code   242  gt9147.o(i.GT9147_Init)
    GT9147_RD_Reg                            0x08000ff9   Thumb Code    98  gt9147.o(i.GT9147_RD_Reg)
    GT9147_Scan                              0x0800105d   Thumb Code   408  gt9147.o(i.GT9147_Scan)
    GT9147_Send_Cfg                          0x08001201   Thumb Code    86  gt9147.o(i.GT9147_Send_Cfg)
    GT9147_WR_Reg                            0x0800125d   Thumb Code    92  gt9147.o(i.GT9147_WR_Reg)
    HardFault_Handler                        0x080012b9   Thumb Code     4  stm32f10x_it.o(i.HardFault_Handler)
    IIC_Ack                                  0x080012bd   Thumb Code    66  myiic.o(i.IIC_Ack)
    IIC_Init                                 0x0800130d   Thumb Code    52  myiic.o(i.IIC_Init)
    IIC_NAck                                 0x0800134d   Thumb Code    66  myiic.o(i.IIC_NAck)
    IIC_Read_Byte                            0x0800139d   Thumb Code    98  myiic.o(i.IIC_Read_Byte)
    IIC_Send_Byte                            0x0800140d   Thumb Code    90  myiic.o(i.IIC_Send_Byte)
    IIC_Start                                0x08001475   Thumb Code    64  myiic.o(i.IIC_Start)
    IIC_Stop                                 0x080014c1   Thumb Code    62  myiic.o(i.IIC_Stop)
    IIC_Wait_Ack                             0x0800150d   Thumb Code    86  myiic.o(i.IIC_Wait_Ack)
    KEY_Init                                 0x08001571   Thumb Code    82  key.o(i.KEY_Init)
    LCD_Clear                                0x080015d1   Thumb Code   122  lcd.o(i.LCD_Clear)
    LCD_Display_Dir                          0x08001659   Thumb Code   444  lcd.o(i.LCD_Display_Dir)
    LCD_DrawLine                             0x08001819   Thumb Code   176  lcd.o(i.LCD_DrawLine)
    LCD_DrawPoint                            0x080018c9   Thumb Code    52  lcd.o(i.LCD_DrawPoint)
    LCD_Draw_Circle                          0x08001909   Thumb Code   152  lcd.o(i.LCD_Draw_Circle)
    LCD_Fast_DrawPoint                       0x080019a1   Thumb Code   854  lcd.o(i.LCD_Fast_DrawPoint)
    LCD_Fill                                 0x08001d05   Thumb Code   200  lcd.o(i.LCD_Fill)
    LCD_Init                                 0x08001dd9   Thumb Code 15292  lcd.o(i.LCD_Init)
    LCD_Pow                                  0x08005995   Thumb Code    22  lcd.o(i.LCD_Pow)
    LCD_RD_DATA                              0x080059ad   Thumb Code    98  lcd.o(i.LCD_RD_DATA)
    LCD_ReadReg                              0x08005a1d   Thumb Code    16  lcd.o(i.LCD_ReadReg)
    LCD_SSD_BackLightSet                     0x08005a2d   Thumb Code   198  lcd.o(i.LCD_SSD_BackLightSet)
    LCD_Scan_Dir                             0x08005b01   Thumb Code  1112  lcd.o(i.LCD_Scan_Dir)
    LCD_SetCursor                            0x08005f59   Thumb Code   944  lcd.o(i.LCD_SetCursor)
    LCD_ShowChar                             0x08006315   Thumb Code   272  lcd.o(i.LCD_ShowChar)
    LCD_ShowNum                              0x0800643d   Thumb Code   148  lcd.o(i.LCD_ShowNum)
    LCD_ShowString                           0x080064d1   Thumb Code   102  lcd.o(i.LCD_ShowString)
    LCD_WR_DATAX                             0x08006539   Thumb Code    28  lcd.o(i.LCD_WR_DATAX)
    LCD_WR_REG                               0x0800655d   Thumb Code    28  lcd.o(i.LCD_WR_REG)
    LCD_WriteRAM_Prepare                     0x08006581   Thumb Code    12  lcd.o(i.LCD_WriteRAM_Prepare)
    LCD_WriteReg                             0x08006591   Thumb Code    40  lcd.o(i.LCD_WriteReg)
    LED_Init                                 0x080065c1   Thumb Code    72  led.o(i.LED_Init)
    MemManage_Handler                        0x08006611   Thumb Code     4  stm32f10x_it.o(i.MemManage_Handler)
    NMI_Handler                              0x08006615   Thumb Code     2  stm32f10x_it.o(i.NMI_Handler)
    NVIC_Init                                0x08006619   Thumb Code   100  misc.o(i.NVIC_Init)
    NVIC_PriorityGroupConfig                 0x08006689   Thumb Code    10  misc.o(i.NVIC_PriorityGroupConfig)
    OTT2001A_Init                            0x0800669d   Thumb Code   156  ott2001a.o(i.OTT2001A_Init)
    OTT2001A_RD_Reg                          0x08006751   Thumb Code    98  ott2001a.o(i.OTT2001A_RD_Reg)
    OTT2001A_Scan                            0x080067b5   Thumb Code   446  ott2001a.o(i.OTT2001A_Scan)
    OTT2001A_SensorControl                   0x08006995   Thumb Code    28  ott2001a.o(i.OTT2001A_SensorControl)
    OTT2001A_WR_Reg                          0x080069b1   Thumb Code    92  ott2001a.o(i.OTT2001A_WR_Reg)
    PendSV_Handler                           0x08006a0d   Thumb Code     2  stm32f10x_it.o(i.PendSV_Handler)
    RCC_APB2PeriphClockCmd                   0x08006a11   Thumb Code    26  stm32f10x_rcc.o(i.RCC_APB2PeriphClockCmd)
    RCC_GetClocksFreq                        0x08006a31   Thumb Code   192  stm32f10x_rcc.o(i.RCC_GetClocksFreq)
    SVC_Handler                              0x08006b05   Thumb Code     2  stm32f10x_it.o(i.SVC_Handler)
    SysTick_CLKSourceConfig                  0x08006bf1   Thumb Code    40  misc.o(i.SysTick_CLKSourceConfig)
    SysTick_Handler                          0x08006c19   Thumb Code     2  stm32f10x_it.o(i.SysTick_Handler)
    SystemInit                               0x08006c1d   Thumb Code    78  system_stm32f10x.o(i.SystemInit)
    TP_Adj_Info_Show                         0x08006c7d   Thumb Code   376  touch.o(i.TP_Adj_Info_Show)
    TP_Adjust                                0x08006e25   Thumb Code  1234  touch.o(i.TP_Adjust)
    TP_Drow_Touch_Point                      0x08007325   Thumb Code   108  touch.o(i.TP_Drow_Touch_Point)
    TP_Get_Adjdata                           0x08007395   Thumb Code   152  touch.o(i.TP_Get_Adjdata)
    TP_Init                                  0x0800743d   Thumb Code   248  touch.o(i.TP_Init)
    TP_Read_AD                               0x0800754d   Thumb Code   126  touch.o(i.TP_Read_AD)
    TP_Read_XOY                              0x080075d5   Thumb Code   120  touch.o(i.TP_Read_XOY)
    TP_Read_XY                               0x0800764d   Thumb Code    38  touch.o(i.TP_Read_XY)
    TP_Read_XY2                              0x0800767d   Thumb Code   192  touch.o(i.TP_Read_XY2)
    TP_Save_Adjdata                          0x0800773d   Thumb Code   110  touch.o(i.TP_Save_Adjdata)
    TP_Scan                                  0x080077b5   Thumb Code   262  touch.o(i.TP_Scan)
    TP_Write_Byte                            0x080078c5   Thumb Code    56  touch.o(i.TP_Write_Byte)
    USART1_IRQHandler                        0x08007905   Thumb Code   122  usart.o(i.USART1_IRQHandler)
    USART_Cmd                                0x0800798d   Thumb Code    24  stm32f10x_usart.o(i.USART_Cmd)
    USART_GetFlagStatus                      0x080079a5   Thumb Code    26  stm32f10x_usart.o(i.USART_GetFlagStatus)
    USART_GetITStatus                        0x080079bf   Thumb Code    84  stm32f10x_usart.o(i.USART_GetITStatus)
    USART_ITConfig                           0x08007a13   Thumb Code    74  stm32f10x_usart.o(i.USART_ITConfig)
    USART_Init                               0x08007a5d   Thumb Code   210  stm32f10x_usart.o(i.USART_Init)
    USART_ReceiveData                        0x08007b35   Thumb Code    10  stm32f10x_usart.o(i.USART_ReceiveData)
    USART_SendData                           0x08007b3f   Thumb Code     8  stm32f10x_usart.o(i.USART_SendData)
    UsageFault_Handler                       0x08007b47   Thumb Code     4  stm32f10x_it.o(i.UsageFault_Handler)
    Usart_SendGroup                          0x08007b4b   Thumb Code    44  usart.o(i.Usart_SendGroup)
    __ARM_fpclassify                         0x08007b77   Thumb Code    40  fpclassify.o(i.__ARM_fpclassify)
    __ieee754_rem_pio2                       0x08007ba1   Thumb Code   828  rred.o(i.__ieee754_rem_pio2)
    __kernel_cos                             0x08007f29   Thumb Code   230  cos_i.o(i.__kernel_cos)
    __kernel_poly                            0x08008025   Thumb Code   170  poly.o(i.__kernel_poly)
    __kernel_sin                             0x080080d1   Thumb Code   224  sin_i.o(i.__kernel_sin)
    __mathlib_dbl_infnan                     0x080081bd   Thumb Code     6  dunder.o(i.__mathlib_dbl_infnan)
    __mathlib_dbl_invalid                    0x080081c3   Thumb Code    12  dunder.o(i.__mathlib_dbl_invalid)
    __mathlib_dbl_underflow                  0x080081d1   Thumb Code    10  dunder.o(i.__mathlib_dbl_underflow)
    _sys_exit                                0x080081e1   Thumb Code     6  usart.o(i._sys_exit)
    cos                                      0x080081e9   Thumb Code   148  cos.o(i.cos)
    delay_init                               0x08008285   Thumb Code    50  delay.o(i.delay_init)
    delay_ms                                 0x080082c9   Thumb Code    72  delay.o(i.delay_ms)
    delay_us                                 0x08008315   Thumb Code    72  delay.o(i.delay_us)
    fputc                                    0x08008361   Thumb Code    24  usart.o(i.fputc)
    gui_draw_hline                           0x0800837d   Thumb Code    36  display.o(i.gui_draw_hline)
    gui_fill_circle                          0x080083a1   Thumb Code   176  display.o(i.gui_fill_circle)
    lcd_draw_bline                           0x08008451   Thumb Code   212  display.o(i.lcd_draw_bline)
    main                                     0x08008525   Thumb Code   712  main.o(i.main)
    show_bar                                 0x08008865   Thumb Code   136  display.o(i.show_bar)
    show_speed                               0x080088f5   Thumb Code   294  display.o(i.show_speed)
    sin                                      0x08008a41   Thumb Code   150  sin.o(i.sin)
    sqrt                                     0x08008ae1   Thumb Code    76  sqrt.o(i.sqrt)
    uart_init                                0x08008b2d   Thumb Code   152  usart.o(i.uart_init)
    __aeabi_dadd                             0x08008bcd   Thumb Code     0  daddsub_clz.o(x$fpl$dadd)
    _dadd                                    0x08008bcd   Thumb Code   332  daddsub_clz.o(x$fpl$dadd)
    __fpl_dcheck_NaN1                        0x08008d1d   Thumb Code    10  dcheck1.o(x$fpl$dcheck1)
    __fpl_dcmp_Inf                           0x08008d2d   Thumb Code    24  dcmpi.o(x$fpl$dcmpinf)
    __aeabi_ddiv                             0x08008d45   Thumb Code     0  ddiv.o(x$fpl$ddiv)
    _ddiv                                    0x08008d45   Thumb Code   552  ddiv.o(x$fpl$ddiv)
    __aeabi_d2iz                             0x08008ff5   Thumb Code     0  dfix.o(x$fpl$dfix)
    _dfix                                    0x08008ff5   Thumb Code    94  dfix.o(x$fpl$dfix)
    __aeabi_d2uiz                            0x08009055   Thumb Code     0  dfixu.o(x$fpl$dfixu)
    _dfixu                                   0x08009055   Thumb Code    90  dfixu.o(x$fpl$dfixu)
    __aeabi_i2d                              0x080090af   Thumb Code     0  dflt_clz.o(x$fpl$dflt)
    _dflt                                    0x080090af   Thumb Code    46  dflt_clz.o(x$fpl$dflt)
    __aeabi_ui2d                             0x080090dd   Thumb Code     0  dflt_clz.o(x$fpl$dfltu)
    _dfltu                                   0x080090dd   Thumb Code    38  dflt_clz.o(x$fpl$dfltu)
    __aeabi_cdcmple                          0x08009105   Thumb Code     0  dleqf.o(x$fpl$dleqf)
    _dcmple                                  0x08009105   Thumb Code   120  dleqf.o(x$fpl$dleqf)
    __fpl_dcmple_InfNaN                      0x08009167   Thumb Code     0  dleqf.o(x$fpl$dleqf)
    __aeabi_dmul                             0x0800917d   Thumb Code     0  dmul.o(x$fpl$dmul)
    _dmul                                    0x0800917d   Thumb Code   332  dmul.o(x$fpl$dmul)
    __fpl_dnaninf                            0x080092d1   Thumb Code   156  dnaninf.o(x$fpl$dnaninf)
    __fpl_dretinf                            0x0800936d   Thumb Code    12  dretinf.o(x$fpl$dretinf)
    __aeabi_cdrcmple                         0x08009379   Thumb Code     0  drleqf.o(x$fpl$drleqf)
    _drcmple                                 0x08009379   Thumb Code   108  drleqf.o(x$fpl$drleqf)
    __aeabi_drsub                            0x080093e5   Thumb Code     0  daddsub_clz.o(x$fpl$drsb)
    _drsb                                    0x080093e5   Thumb Code    22  daddsub_clz.o(x$fpl$drsb)
    _dsqrt                                   0x080093fd   Thumb Code   456  dsqrt_noumaal.o(x$fpl$dsqrt)
    __aeabi_dsub                             0x080095c9   Thumb Code     0  daddsub_clz.o(x$fpl$dsub)
    _dsub                                    0x080095c9   Thumb Code   464  daddsub_clz.o(x$fpl$dsub)
    __aeabi_f2d                              0x0800979d   Thumb Code     0  f2d.o(x$fpl$f2d)
    _f2d                                     0x0800979d   Thumb Code    86  f2d.o(x$fpl$f2d)
    __aeabi_fadd                             0x080097f5   Thumb Code     0  faddsub_clz.o(x$fpl$fadd)
    _fadd                                    0x080097f5   Thumb Code   196  faddsub_clz.o(x$fpl$fadd)
    __aeabi_fdiv                             0x080098b9   Thumb Code     0  fdiv.o(x$fpl$fdiv)
    _fdiv                                    0x080098b9   Thumb Code   384  fdiv.o(x$fpl$fdiv)
    __aeabi_f2iz                             0x08009a3d   Thumb Code     0  ffix.o(x$fpl$ffix)
    _ffix                                    0x08009a3d   Thumb Code    54  ffix.o(x$fpl$ffix)
    __aeabi_f2uiz                            0x08009a75   Thumb Code     0  ffixu.o(x$fpl$ffixu)
    _ffixu                                   0x08009a75   Thumb Code    62  ffixu.o(x$fpl$ffixu)
    __aeabi_i2f                              0x08009ab5   Thumb Code     0  fflt_clz.o(x$fpl$fflt)
    _fflt                                    0x08009ab5   Thumb Code    48  fflt_clz.o(x$fpl$fflt)
    __aeabi_ui2f                             0x08009ae5   Thumb Code     0  fflt_clz.o(x$fpl$ffltu)
    _ffltu                                   0x08009ae5   Thumb Code    38  fflt_clz.o(x$fpl$ffltu)
    __aeabi_fmul                             0x08009b0d   Thumb Code     0  fmul.o(x$fpl$fmul)
    _fmul                                    0x08009b0d   Thumb Code   258  fmul.o(x$fpl$fmul)
    __fpl_fnaninf                            0x08009c0f   Thumb Code   140  fnaninf.o(x$fpl$fnaninf)
    __fpl_fretinf                            0x08009c9b   Thumb Code    10  fretinf.o(x$fpl$fretinf)
    __aeabi_fsub                             0x08009ca5   Thumb Code     0  faddsub_clz.o(x$fpl$fsub)
    _fsub                                    0x08009ca5   Thumb Code   234  faddsub_clz.o(x$fpl$fsub)
    __fpl_return_NaN                         0x08009d8f   Thumb Code   100  retnan.o(x$fpl$retnan)
    __ARM_scalbn                             0x08009df3   Thumb Code    92  scalbn.o(x$fpl$scalbn)
    __fpl_cmpreturn                          0x08009e4f   Thumb Code    48  trapv.o(x$fpl$trapveneer)
    __I$use$fp                               0x08009e7e   Number         0  usenofp.o(x$fpl$usenofp)
    asc2_1206                                0x08009e7e   Data        1140  lcd.o(.constdata)
    asc2_1608                                0x0800a2f2   Data        1520  lcd.o(.constdata)
    asc2_2412                                0x0800a8e2   Data        3420  lcd.o(.constdata)
    OTT_TPX_TBL                              0x0800b63e   Data          10  ott2001a.o(.constdata)
    TP_ADJDIS_TBL                            0x0800b648   Data          12  touch.o(.constdata)
    GT9147_CFG_TBL                           0x0800b654   Data         184  gt9147.o(.constdata)
    GT9147_TPX_TBL                           0x0800b70c   Data          10  gt9147.o(.constdata)
    FT5206_TPX_TBL                           0x0800b716   Data          10  ft5206.o(.constdata)
    Region$$Table$$Base                      0x0800b8e4   Number         0  anon$$obj.o(Region$$Table)
    Region$$Table$$Limit                     0x0800b904   Number         0  anon$$obj.o(Region$$Table)
    SystemCoreClock                          0x20000000   Data           4  system_stm32f10x.o(.data)
    AHBPrescTable                            0x20000004   Data          16  system_stm32f10x.o(.data)
    POINT_COLOR                              0x20000014   Data           2  lcd.o(.data)
    BACK_COLOR                               0x20000016   Data           2  lcd.o(.data)
    tp_dev                                   0x2000001c   Data          52  touch.o(.data)
    CMD_RDX                                  0x20000050   Data           1  touch.o(.data)
    CMD_RDY                                  0x20000051   Data           1  touch.o(.data)
    TP_REMIND_MSG_TBL                        0x20000054   Data           4  touch.o(.data)
    __stdout                                 0x20000064   Data           4  usart.o(.data)
    USART_RX_STA                             0x20000068   Data           2  usart.o(.data)
    lcddev                                   0x20000080   Data          14  lcd.o(.bss)
    USART_RX_BUF                             0x2000008e   Data         200  usart.o(.bss)
    __libspace_start                         0x20000158   Data          96  libspace.o(.bss)
    __temporary_stack_top$libspace           0x200001b8   Data           0  libspace.o(.bss)



==============================================================================

Memory Map of the image

  Image Entry point : 0x08000131

  Load Region LR_IROM1 (Base: 0x08000000, Size: 0x0000b984, Max: 0x00040000, ABSOLUTE)

    Execution Region ER_IROM1 (Base: 0x08000000, Size: 0x0000b904, Max: 0x00040000, ABSOLUTE)

    Base Addr    Size         Type   Attr      Idx    E Section Name        Object

    0x08000000   0x00000130   Data   RO         1010    RESET               startup_stm32f10x_hd.o
    0x08000130   0x00000008   Code   RO         1612  * !!!main             c_w.l(__main.o)
    0x08000138   0x00000034   Code   RO         1925    !!!scatter          c_w.l(__scatter.o)
    0x0800016c   0x0000001a   Code   RO         1927    !!handler_copy      c_w.l(__scatter_copy.o)
    0x08000186   0x00000002   PAD
    0x08000188   0x0000001c   Code   RO         1929    !!handler_zi        c_w.l(__scatter_zi.o)
    0x080001a4   0x00000000   Code   RO         1607    .ARM.Collect$$_printf_percent$$00000000  c_w.l(_printf_percent.o)
    0x080001a4   0x00000006   Code   RO         1606    .ARM.Collect$$_printf_percent$$00000009  c_w.l(_printf_d.o)
    0x080001aa   0x00000006   Code   RO         1605    .ARM.Collect$$_printf_percent$$0000000C  c_w.l(_printf_x.o)
    0x080001b0   0x00000006   Code   RO         1604    .ARM.Collect$$_printf_percent$$00000014  c_w.l(_printf_s.o)
    0x080001b6   0x00000004   Code   RO         1707    .ARM.Collect$$_printf_percent$$00000017  c_w.l(_printf_percent_end.o)
    0x080001ba   0x00000002   Code   RO         1797    .ARM.Collect$$libinit$$00000000  c_w.l(libinit.o)
    0x080001bc   0x00000000   Code   RO         1803    .ARM.Collect$$libinit$$00000002  c_w.l(libinit2.o)
    0x080001bc   0x00000000   Code   RO         1805    .ARM.Collect$$libinit$$00000004  c_w.l(libinit2.o)
    0x080001bc   0x00000000   Code   RO         1808    .ARM.Collect$$libinit$$0000000A  c_w.l(libinit2.o)
    0x080001bc   0x00000000   Code   RO         1810    .ARM.Collect$$libinit$$0000000C  c_w.l(libinit2.o)
    0x080001bc   0x00000000   Code   RO         1812    .ARM.Collect$$libinit$$0000000E  c_w.l(libinit2.o)
    0x080001bc   0x00000000   Code   RO         1815    .ARM.Collect$$libinit$$00000011  c_w.l(libinit2.o)
    0x080001bc   0x00000000   Code   RO         1817    .ARM.Collect$$libinit$$00000013  c_w.l(libinit2.o)
    0x080001bc   0x00000000   Code   RO         1819    .ARM.Collect$$libinit$$00000015  c_w.l(libinit2.o)
    0x080001bc   0x00000000   Code   RO         1821    .ARM.Collect$$libinit$$00000017  c_w.l(libinit2.o)
    0x080001bc   0x00000000   Code   RO         1823    .ARM.Collect$$libinit$$00000019  c_w.l(libinit2.o)
    0x080001bc   0x00000000   Code   RO         1825    .ARM.Collect$$libinit$$0000001B  c_w.l(libinit2.o)
    0x080001bc   0x00000000   Code   RO         1827    .ARM.Collect$$libinit$$0000001D  c_w.l(libinit2.o)
    0x080001bc   0x00000000   Code   RO         1829    .ARM.Collect$$libinit$$0000001F  c_w.l(libinit2.o)
    0x080001bc   0x00000000   Code   RO         1831    .ARM.Collect$$libinit$$00000021  c_w.l(libinit2.o)
    0x080001bc   0x00000000   Code   RO         1833    .ARM.Collect$$libinit$$00000023  c_w.l(libinit2.o)
    0x080001bc   0x00000000   Code   RO         1835    .ARM.Collect$$libinit$$00000025  c_w.l(libinit2.o)
    0x080001bc   0x00000000   Code   RO         1839    .ARM.Collect$$libinit$$0000002C  c_w.l(libinit2.o)
    0x080001bc   0x00000000   Code   RO         1841    .ARM.Collect$$libinit$$0000002E  c_w.l(libinit2.o)
    0x080001bc   0x00000000   Code   RO         1843    .ARM.Collect$$libinit$$00000030  c_w.l(libinit2.o)
    0x080001bc   0x00000000   Code   RO         1845    .ARM.Collect$$libinit$$00000032  c_w.l(libinit2.o)
    0x080001bc   0x00000002   Code   RO         1846    .ARM.Collect$$libinit$$00000033  c_w.l(libinit2.o)
    0x080001be   0x00000002   Code   RO         1868    .ARM.Collect$$libshutdown$$00000000  c_w.l(libshutdown.o)
    0x080001c0   0x00000000   Code   RO         1879    .ARM.Collect$$libshutdown$$00000003  c_w.l(libshutdown2.o)
    0x080001c0   0x00000000   Code   RO         1882    .ARM.Collect$$libshutdown$$00000006  c_w.l(libshutdown2.o)
    0x080001c0   0x00000000   Code   RO         1885    .ARM.Collect$$libshutdown$$00000009  c_w.l(libshutdown2.o)
    0x080001c0   0x00000000   Code   RO         1887    .ARM.Collect$$libshutdown$$0000000B  c_w.l(libshutdown2.o)
    0x080001c0   0x00000000   Code   RO         1890    .ARM.Collect$$libshutdown$$0000000E  c_w.l(libshutdown2.o)
    0x080001c0   0x00000002   Code   RO         1891    .ARM.Collect$$libshutdown$$0000000F  c_w.l(libshutdown2.o)
    0x080001c2   0x00000000   Code   RO         1694    .ARM.Collect$$rtentry$$00000000  c_w.l(__rtentry.o)
    0x080001c2   0x00000000   Code   RO         1750    .ARM.Collect$$rtentry$$00000002  c_w.l(__rtentry2.o)
    0x080001c2   0x00000006   Code   RO         1762    .ARM.Collect$$rtentry$$00000004  c_w.l(__rtentry4.o)
    0x080001c8   0x00000000   Code   RO         1752    .ARM.Collect$$rtentry$$00000009  c_w.l(__rtentry2.o)
    0x080001c8   0x00000004   Code   RO         1753    .ARM.Collect$$rtentry$$0000000A  c_w.l(__rtentry2.o)
    0x080001cc   0x00000000   Code   RO         1755    .ARM.Collect$$rtentry$$0000000C  c_w.l(__rtentry2.o)
    0x080001cc   0x00000008   Code   RO         1756    .ARM.Collect$$rtentry$$0000000D  c_w.l(__rtentry2.o)
    0x080001d4   0x00000002   Code   RO         1800    .ARM.Collect$$rtexit$$00000000  c_w.l(rtexit.o)
    0x080001d6   0x00000000   Code   RO         1850    .ARM.Collect$$rtexit$$00000002  c_w.l(rtexit2.o)
    0x080001d6   0x00000004   Code   RO         1851    .ARM.Collect$$rtexit$$00000003  c_w.l(rtexit2.o)
    0x080001da   0x00000006   Code   RO         1852    .ARM.Collect$$rtexit$$00000004  c_w.l(rtexit2.o)
    0x080001e0   0x00000040   Code   RO         1011    .text               startup_stm32f10x_hd.o
    0x08000220   0x00000002   Code   RO         1547    .text               c_w.l(use_no_semi_2.o)
    0x08000222   0x00000002   PAD
    0x08000224   0x00000018   Code   RO         1553    .text               c_w.l(noretval__2printf.o)
    0x0800023c   0x00000028   Code   RO         1555    .text               c_w.l(noretval__2sprintf.o)
    0x08000264   0x00000068   Code   RO         1557    .text               c_w.l(__printf.o)
    0x080002cc   0x00000052   Code   RO         1559    .text               c_w.l(_printf_str.o)
    0x0800031e   0x00000002   PAD
    0x08000320   0x00000078   Code   RO         1561    .text               c_w.l(_printf_dec.o)
    0x08000398   0x00000058   Code   RO         1566    .text               c_w.l(_printf_hex_int.o)
    0x080003f0   0x00000080   Code   RO         1608    .text               c_w.l(strcmpv7m.o)
    0x08000470   0x00000006   Code   RO         1610    .text               c_w.l(heapauxi.o)
    0x08000476   0x00000002   Code   RO         1692    .text               c_w.l(use_no_semi.o)
    0x08000478   0x00000016   Code   RO         1695    .text               c_w.l(_rserrno.o)
    0x0800048e   0x000000b2   Code   RO         1697    .text               c_w.l(_printf_intcommon.o)
    0x08000540   0x00000030   Code   RO         1699    .text               c_w.l(_printf_char_common.o)
    0x08000570   0x0000000a   Code   RO         1701    .text               c_w.l(_sputc.o)
    0x0800057a   0x0000002c   Code   RO         1703    .text               c_w.l(_printf_char.o)
    0x080005a6   0x00000002   PAD
    0x080005a8   0x00000024   Code   RO         1705    .text               c_w.l(_printf_char_file.o)
    0x080005cc   0x00000008   Code   RO         1767    .text               c_w.l(rt_errno_addr_intlibspace.o)
    0x080005d4   0x00000008   Code   RO         1771    .text               c_w.l(ferror.o)
    0x080005dc   0x00000008   Code   RO         1785    .text               c_w.l(libspace.o)
    0x080005e4   0x0000004a   Code   RO         1788    .text               c_w.l(sys_stackheap_outer.o)
    0x0800062e   0x0000000c   Code   RO         1790    .text               c_w.l(exit.o)
    0x0800063a   0x00000008   Code   RO          507    i.AT24CXX_Init      24cxx.o
    0x08000642   0x0000002c   Code   RO          509    i.AT24CXX_ReadLenByte  24cxx.o
    0x0800066e   0x00000058   Code   RO          510    i.AT24CXX_ReadOneByte  24cxx.o
    0x080006c6   0x0000002a   Code   RO          512    i.AT24CXX_WriteLenByte  24cxx.o
    0x080006f0   0x00000050   Code   RO          513    i.AT24CXX_WriteOneByte  24cxx.o
    0x08000740   0x00000004   Code   RO           97    i.BusFault_Handler  stm32f10x_it.o
    0x08000744   0x0000000a   Code   RO          560    i.CT_Delay          ctiic.o
    0x0800074e   0x00000002   PAD
    0x08000750   0x0000004c   Code   RO          561    i.CT_IIC_Ack        ctiic.o
    0x0800079c   0x00000048   Code   RO          562    i.CT_IIC_Init       ctiic.o
    0x080007e4   0x0000004c   Code   RO          563    i.CT_IIC_NAck       ctiic.o
    0x08000830   0x00000068   Code   RO          564    i.CT_IIC_Read_Byte  ctiic.o
    0x08000898   0x0000005c   Code   RO          565    i.CT_IIC_Send_Byte  ctiic.o
    0x080008f4   0x00000048   Code   RO          566    i.CT_IIC_Start      ctiic.o
    0x0800093c   0x00000048   Code   RO          567    i.CT_IIC_Stop       ctiic.o
    0x08000984   0x00000064   Code   RO          568    i.CT_IIC_Wait_Ack   ctiic.o
    0x080009e8   0x00000002   Code   RO           98    i.DebugMon_Handler  stm32f10x_it.o
    0x080009ea   0x00000002   PAD
    0x080009ec   0x000000f0   Code   RO          798    i.FT5206_Init       ft5206.o
    0x08000adc   0x00000058   Code   RO          799    i.FT5206_RD_Reg     ft5206.o
    0x08000b34   0x0000019c   Code   RO          800    i.FT5206_Scan       ft5206.o
    0x08000cd0   0x00000052   Code   RO          801    i.FT5206_WR_Reg     ft5206.o
    0x08000d22   0x00000116   Code   RO         1021    i.GPIO_Init         stm32f10x_gpio.o
    0x08000e38   0x00000090   Code   RO         1023    i.GPIO_PinRemapConfig  stm32f10x_gpio.o
    0x08000ec8   0x00000004   Code   RO         1028    i.GPIO_ResetBits    stm32f10x_gpio.o
    0x08000ecc   0x00000004   Code   RO         1029    i.GPIO_SetBits      stm32f10x_gpio.o
    0x08000ed0   0x00000128   Code   RO          755    i.GT9147_Init       gt9147.o
    0x08000ff8   0x00000062   Code   RO          756    i.GT9147_RD_Reg     gt9147.o
    0x0800105a   0x00000002   PAD
    0x0800105c   0x000001a4   Code   RO          757    i.GT9147_Scan       gt9147.o
    0x08001200   0x0000005c   Code   RO          758    i.GT9147_Send_Cfg   gt9147.o
    0x0800125c   0x0000005c   Code   RO          759    i.GT9147_WR_Reg     gt9147.o
    0x080012b8   0x00000004   Code   RO           99    i.HardFault_Handler  stm32f10x_it.o
    0x080012bc   0x00000050   Code   RO          452    i.IIC_Ack           myiic.o
    0x0800130c   0x00000040   Code   RO          453    i.IIC_Init          myiic.o
    0x0800134c   0x00000050   Code   RO          454    i.IIC_NAck          myiic.o
    0x0800139c   0x00000070   Code   RO          455    i.IIC_Read_Byte     myiic.o
    0x0800140c   0x00000068   Code   RO          456    i.IIC_Send_Byte     myiic.o
    0x08001474   0x0000004c   Code   RO          457    i.IIC_Start         myiic.o
    0x080014c0   0x0000004c   Code   RO          458    i.IIC_Stop          myiic.o
    0x0800150c   0x00000064   Code   RO          459    i.IIC_Wait_Ack      myiic.o
    0x08001570   0x00000060   Code   RO          433    i.KEY_Init          key.o
    0x080015d0   0x00000088   Code   RO          224    i.LCD_Clear         lcd.o
    0x08001658   0x000001c0   Code   RO          228    i.LCD_Display_Dir   lcd.o
    0x08001818   0x000000b0   Code   RO          229    i.LCD_DrawLine      lcd.o
    0x080018c8   0x00000040   Code   RO          230    i.LCD_DrawPoint     lcd.o
    0x08001908   0x00000098   Code   RO          232    i.LCD_Draw_Circle   lcd.o
    0x080019a0   0x00000364   Code   RO          233    i.LCD_Fast_DrawPoint  lcd.o
    0x08001d04   0x000000d4   Code   RO          234    i.LCD_Fill          lcd.o
    0x08001dd8   0x00003bbc   Code   RO          235    i.LCD_Init          lcd.o
    0x08005994   0x00000016   Code   RO          236    i.LCD_Pow           lcd.o
    0x080059aa   0x00000002   PAD
    0x080059ac   0x00000070   Code   RO          237    i.LCD_RD_DATA       lcd.o
    0x08005a1c   0x00000010   Code   RO          239    i.LCD_ReadReg       lcd.o
    0x08005a2c   0x000000d4   Code   RO          240    i.LCD_SSD_BackLightSet  lcd.o
    0x08005b00   0x00000458   Code   RO          241    i.LCD_Scan_Dir      lcd.o
    0x08005f58   0x000003bc   Code   RO          242    i.LCD_SetCursor     lcd.o
    0x08006314   0x00000128   Code   RO          244    i.LCD_ShowChar      lcd.o
    0x0800643c   0x00000094   Code   RO          245    i.LCD_ShowNum       lcd.o
    0x080064d0   0x00000066   Code   RO          246    i.LCD_ShowString    lcd.o
    0x08006536   0x00000002   PAD
    0x08006538   0x00000024   Code   RO          248    i.LCD_WR_DATAX      lcd.o
    0x0800655c   0x00000024   Code   RO          249    i.LCD_WR_REG        lcd.o
    0x08006580   0x00000010   Code   RO          251    i.LCD_WriteRAM_Prepare  lcd.o
    0x08006590   0x00000030   Code   RO          252    i.LCD_WriteReg      lcd.o
    0x080065c0   0x00000050   Code   RO          211    i.LED_Init          led.o
    0x08006610   0x00000004   Code   RO          100    i.MemManage_Handler  stm32f10x_it.o
    0x08006614   0x00000002   Code   RO          101    i.NMI_Handler       stm32f10x_it.o
    0x08006616   0x00000002   PAD
    0x08006618   0x00000070   Code   RO         1509    i.NVIC_Init         misc.o
    0x08006688   0x00000014   Code   RO         1510    i.NVIC_PriorityGroupConfig  misc.o
    0x0800669c   0x000000b4   Code   RO          623    i.OTT2001A_Init     ott2001a.o
    0x08006750   0x00000062   Code   RO          624    i.OTT2001A_RD_Reg   ott2001a.o
    0x080067b2   0x00000002   PAD
    0x080067b4   0x000001e0   Code   RO          625    i.OTT2001A_Scan     ott2001a.o
    0x08006994   0x0000001c   Code   RO          626    i.OTT2001A_SensorControl  ott2001a.o
    0x080069b0   0x0000005c   Code   RO          627    i.OTT2001A_WR_Reg   ott2001a.o
    0x08006a0c   0x00000002   Code   RO          102    i.PendSV_Handler    stm32f10x_it.o
    0x08006a0e   0x00000002   PAD
    0x08006a10   0x00000020   Code   RO         1133    i.RCC_APB2PeriphClockCmd  stm32f10x_rcc.o
    0x08006a30   0x000000d4   Code   RO         1141    i.RCC_GetClocksFreq  stm32f10x_rcc.o
    0x08006b04   0x00000002   Code   RO          103    i.SVC_Handler       stm32f10x_it.o
    0x08006b06   0x00000008   Code   RO          177    i.SetSysClock       system_stm32f10x.o
    0x08006b0e   0x00000002   PAD
    0x08006b10   0x000000e0   Code   RO          178    i.SetSysClockTo72   system_stm32f10x.o
    0x08006bf0   0x00000028   Code   RO         1513    i.SysTick_CLKSourceConfig  misc.o
    0x08006c18   0x00000002   Code   RO          104    i.SysTick_Handler   stm32f10x_it.o
    0x08006c1a   0x00000002   PAD
    0x08006c1c   0x00000060   Code   RO          180    i.SystemInit        system_stm32f10x.o
    0x08006c7c   0x000001a8   Code   RO          663    i.TP_Adj_Info_Show  touch.o
    0x08006e24   0x00000500   Code   RO          664    i.TP_Adjust         touch.o
    0x08007324   0x00000070   Code   RO          666    i.TP_Drow_Touch_Point  touch.o
    0x08007394   0x000000a8   Code   RO          667    i.TP_Get_Adjdata    touch.o
    0x0800743c   0x00000110   Code   RO          668    i.TP_Init           touch.o
    0x0800754c   0x00000088   Code   RO          669    i.TP_Read_AD        touch.o
    0x080075d4   0x00000078   Code   RO          670    i.TP_Read_XOY       touch.o
    0x0800764c   0x00000030   Code   RO          671    i.TP_Read_XY        touch.o
    0x0800767c   0x000000c0   Code   RO          672    i.TP_Read_XY2       touch.o
    0x0800773c   0x00000078   Code   RO          673    i.TP_Save_Adjdata   touch.o
    0x080077b4   0x00000110   Code   RO          674    i.TP_Scan           touch.o
    0x080078c4   0x00000040   Code   RO          675    i.TP_Write_Byte     touch.o
    0x08007904   0x00000088   Code   RO          951    i.USART1_IRQHandler  usart.o
    0x0800798c   0x00000018   Code   RO         1333    i.USART_Cmd         stm32f10x_usart.o
    0x080079a4   0x0000001a   Code   RO         1336    i.USART_GetFlagStatus  stm32f10x_usart.o
    0x080079be   0x00000054   Code   RO         1337    i.USART_GetITStatus  stm32f10x_usart.o
    0x08007a12   0x0000004a   Code   RO         1339    i.USART_ITConfig    stm32f10x_usart.o
    0x08007a5c   0x000000d8   Code   RO         1340    i.USART_Init        stm32f10x_usart.o
    0x08007b34   0x0000000a   Code   RO         1347    i.USART_ReceiveData  stm32f10x_usart.o
    0x08007b3e   0x00000008   Code   RO         1350    i.USART_SendData    stm32f10x_usart.o
    0x08007b46   0x00000004   Code   RO          105    i.UsageFault_Handler  stm32f10x_it.o
    0x08007b4a   0x0000002c   Code   RO          952    i.Usart_SendGroup   usart.o
    0x08007b76   0x00000028   Code   RO         1781    i.__ARM_fpclassify  m_ws.l(fpclassify.o)
    0x08007b9e   0x00000002   PAD
    0x08007ba0   0x00000388   Code   RO         1738    i.__ieee754_rem_pio2  m_ws.l(rred.o)
    0x08007f28   0x000000fc   Code   RO         1721    i.__kernel_cos      m_ws.l(cos_i.o)
    0x08008024   0x000000aa   Code   RO         1783    i.__kernel_poly     m_ws.l(poly.o)
    0x080080ce   0x00000002   PAD
    0x080080d0   0x000000ec   Code   RO         1743    i.__kernel_sin      m_ws.l(sin_i.o)
    0x080081bc   0x00000006   Code   RO         1725    i.__mathlib_dbl_infnan  m_ws.l(dunder.o)
    0x080081c2   0x0000000c   Code   RO         1727    i.__mathlib_dbl_invalid  m_ws.l(dunder.o)
    0x080081ce   0x00000002   PAD
    0x080081d0   0x00000010   Code   RO         1730    i.__mathlib_dbl_underflow  m_ws.l(dunder.o)
    0x080081e0   0x00000006   Code   RO          953    i._sys_exit         usart.o
    0x080081e6   0x00000002   PAD
    0x080081e8   0x0000009c   Code   RO         1669    i.cos               m_ws.l(cos.o)
    0x08008284   0x00000044   Code   RO          896    i.delay_init        delay.o
    0x080082c8   0x0000004c   Code   RO          897    i.delay_ms          delay.o
    0x08008314   0x0000004c   Code   RO          898    i.delay_us          delay.o
    0x08008360   0x0000001c   Code   RO          954    i.fputc             usart.o
    0x0800837c   0x00000024   Code   RO          834    i.gui_draw_hline    display.o
    0x080083a0   0x000000b0   Code   RO          835    i.gui_fill_circle   display.o
    0x08008450   0x000000d4   Code   RO          836    i.lcd_draw_bline    display.o
    0x08008524   0x00000340   Code   RO            1    i.main              main.o
    0x08008864   0x00000090   Code   RO          839    i.show_bar          display.o
    0x080088f4   0x0000014c   Code   RO          840    i.show_speed        display.o
    0x08008a40   0x000000a0   Code   RO         1677    i.sin               m_ws.l(sin.o)
    0x08008ae0   0x0000004c   Code   RO         1685    i.sqrt              m_ws.l(sqrt.o)
    0x08008b2c   0x000000a0   Code   RO          955    i.uart_init         usart.o
    0x08008bcc   0x00000150   Code   RO         1614    x$fpl$dadd          fz_ws.l(daddsub_clz.o)
    0x08008d1c   0x00000010   Code   RO         1798    x$fpl$dcheck1       fz_ws.l(dcheck1.o)
    0x08008d2c   0x00000018   Code   RO         1708    x$fpl$dcmpinf       fz_ws.l(dcmpi.o)
    0x08008d44   0x000002b0   Code   RO         1621    x$fpl$ddiv          fz_ws.l(ddiv.o)
    0x08008ff4   0x0000005e   Code   RO         1775    x$fpl$dfix          fz_ws.l(dfix.o)
    0x08009052   0x00000002   PAD
    0x08009054   0x0000005a   Code   RO         1624    x$fpl$dfixu         fz_ws.l(dfixu.o)
    0x080090ae   0x0000002e   Code   RO         1629    x$fpl$dflt          fz_ws.l(dflt_clz.o)
    0x080090dc   0x00000026   Code   RO         1628    x$fpl$dfltu         fz_ws.l(dflt_clz.o)
    0x08009102   0x00000002   PAD
    0x08009104   0x00000078   Code   RO         1634    x$fpl$dleqf         fz_ws.l(dleqf.o)
    0x0800917c   0x00000154   Code   RO         1636    x$fpl$dmul          fz_ws.l(dmul.o)
    0x080092d0   0x0000009c   Code   RO         1710    x$fpl$dnaninf       fz_ws.l(dnaninf.o)
    0x0800936c   0x0000000c   Code   RO         1712    x$fpl$dretinf       fz_ws.l(dretinf.o)
    0x08009378   0x0000006c   Code   RO         1638    x$fpl$drleqf        fz_ws.l(drleqf.o)
    0x080093e4   0x00000016   Code   RO         1615    x$fpl$drsb          fz_ws.l(daddsub_clz.o)
    0x080093fa   0x00000002   PAD
    0x080093fc   0x000001cc   Code   RO         1714    x$fpl$dsqrt         fz_ws.l(dsqrt_noumaal.o)
    0x080095c8   0x000001d4   Code   RO         1616    x$fpl$dsub          fz_ws.l(daddsub_clz.o)
    0x0800979c   0x00000056   Code   RO         1640    x$fpl$f2d           fz_ws.l(f2d.o)
    0x080097f2   0x00000002   PAD
    0x080097f4   0x000000c4   Code   RO         1642    x$fpl$fadd          fz_ws.l(faddsub_clz.o)
    0x080098b8   0x00000184   Code   RO         1649    x$fpl$fdiv          fz_ws.l(fdiv.o)
    0x08009a3c   0x00000036   Code   RO         1652    x$fpl$ffix          fz_ws.l(ffix.o)
    0x08009a72   0x00000002   PAD
    0x08009a74   0x0000003e   Code   RO         1656    x$fpl$ffixu         fz_ws.l(ffixu.o)
    0x08009ab2   0x00000002   PAD
    0x08009ab4   0x00000030   Code   RO         1661    x$fpl$fflt          fz_ws.l(fflt_clz.o)
    0x08009ae4   0x00000026   Code   RO         1660    x$fpl$ffltu         fz_ws.l(fflt_clz.o)
    0x08009b0a   0x00000002   PAD
    0x08009b0c   0x00000102   Code   RO         1666    x$fpl$fmul          fz_ws.l(fmul.o)
    0x08009c0e   0x0000008c   Code   RO         1716    x$fpl$fnaninf       fz_ws.l(fnaninf.o)
    0x08009c9a   0x0000000a   Code   RO         1718    x$fpl$fretinf       fz_ws.l(fretinf.o)
    0x08009ca4   0x000000ea   Code   RO         1644    x$fpl$fsub          fz_ws.l(faddsub_clz.o)
    0x08009d8e   0x00000064   Code   RO         1847    x$fpl$retnan        fz_ws.l(retnan.o)
    0x08009df2   0x0000005c   Code   RO         1779    x$fpl$scalbn        fz_ws.l(scalbn.o)
    0x08009e4e   0x00000030   Code   RO         1860    x$fpl$trapveneer    fz_ws.l(trapv.o)
    0x08009e7e   0x00000000   Code   RO         1720    x$fpl$usenofp       fz_ws.l(usenofp.o)
    0x08009e7e   0x000017c0   Data   RO          255    .constdata          lcd.o
    0x0800b63e   0x0000000a   Data   RO          628    .constdata          ott2001a.o
    0x0800b648   0x0000000c   Data   RO          676    .constdata          touch.o
    0x0800b654   0x000000c2   Data   RO          760    .constdata          gt9147.o
    0x0800b716   0x0000000a   Data   RO          802    .constdata          ft5206.o
    0x0800b720   0x00000028   Data   RO         1567    .constdata          c_w.l(_printf_hex_int.o)
    0x0800b748   0x00000030   Data   RO         1722    .constdata          m_ws.l(cos_i.o)
    0x0800b778   0x000000c8   Data   RO         1740    .constdata          m_ws.l(rred.o)
    0x0800b840   0x00000028   Data   RO         1744    .constdata          m_ws.l(sin_i.o)
    0x0800b868   0x00000079   Data   RO          677    .conststring        touch.o
    0x0800b8e1   0x00000003   PAD
    0x0800b8e4   0x00000020   Data   RO         1923    Region$$Table       anon$$obj.o


    Execution Region RW_IRAM1 (Base: 0x20000000, Size: 0x000007b8, Max: 0x0000c000, ABSOLUTE)

    Base Addr    Size         Type   Attr      Idx    E Section Name        Object

    0x20000000   0x00000014   Data   RW          181    .data               system_stm32f10x.o
    0x20000014   0x00000004   Data   RW          256    .data               lcd.o
    0x20000018   0x00000001   Data   RW          629    .data               ott2001a.o
    0x20000019   0x00000003   PAD
    0x2000001c   0x0000003c   Data   RW          678    .data               touch.o
    0x20000058   0x00000001   Data   RW          761    .data               gt9147.o
    0x20000059   0x00000001   Data   RW          803    .data               ft5206.o
    0x2000005a   0x00000004   Data   RW          842    .data               display.o
    0x2000005e   0x00000004   Data   RW          899    .data               delay.o
    0x20000062   0x00000002   PAD
    0x20000064   0x00000006   Data   RW          957    .data               usart.o
    0x2000006a   0x00000014   Data   RW         1161    .data               stm32f10x_rcc.o
    0x2000007e   0x00000002   PAD
    0x20000080   0x0000000e   Zero   RW          254    .bss                lcd.o
    0x2000008e   0x000000c8   Zero   RW          956    .bss                usart.o
    0x20000156   0x00000002   PAD
    0x20000158   0x00000060   Zero   RW         1786    .bss                c_w.l(libspace.o)
    0x200001b8   0x00000200   Zero   RW         1009    HEAP                startup_stm32f10x_hd.o
    0x200003b8   0x00000400   Zero   RW         1008    STACK               startup_stm32f10x_hd.o


==============================================================================

Image component sizes


      Code (inc. data)   RO Data    RW Data    ZI Data      Debug   Object Name

       262          0          0          0          0       2829   24cxx.o
       674        100          0          0          0       4485   ctiic.o
       220         26          0          4          0       1615   delay.o
       900         46          0          4          0       4044   display.o
       822         38         10          1          0       3373   ft5206.o
       998         72        194          1          0       4090   gt9147.o
        96         14          0          0          0        495   key.o
     20460        264       6080          4         14      26268   lcd.o
        80          8          0          0          0        479   led.o
       832        120          0          0          0     233015   main.o
       172         22          0          0          0       1969   misc.o
       692        108          0          0          0       4042   myiic.o
       878         58         10          1          0       3871   ott2001a.o
        64         26        304          0       1536        784   startup_stm32f10x_hd.o
       430          6          0          0          0       3746   stm32f10x_gpio.o
        26          0          0          0          0       3514   stm32f10x_it.o
       244         26          0         20          0       3781   stm32f10x_rcc.o
       442          6          0          0          0       5945   stm32f10x_usart.o
         0          0          0          0          0         32   sys.o
       328         28          0         20          0       1977   system_stm32f10x.o
      3208        244        133         60          0       9731   touch.o
       374         26          0          6        200       4582   usart.o

    ----------------------------------------------------------------------
     32224       1238       6766        128       1752     324667   Object Totals
         0          0         32          0          0          0   (incl. Generated)
        22          0          3          7          2          0   (incl. Padding)

    ----------------------------------------------------------------------

      Code (inc. data)   RO Data    RW Data    ZI Data      Debug   Library Member Name

         8          0          0          0          0         68   __main.o
       104          0          0          0          0         84   __printf.o
         0          0          0          0          0          0   __rtentry.o
        12          0          0          0          0          0   __rtentry2.o
         6          0          0          0          0          0   __rtentry4.o
        52          8          0          0          0          0   __scatter.o
        26          0          0          0          0          0   __scatter_copy.o
        28          0          0          0          0          0   __scatter_zi.o
        44          0          0          0          0        108   _printf_char.o
        48          6          0          0          0         96   _printf_char_common.o
        36          4          0          0          0         80   _printf_char_file.o
         6          0          0          0          0          0   _printf_d.o
       120         16          0          0          0         92   _printf_dec.o
        88          4         40          0          0         88   _printf_hex_int.o
       178          0          0          0          0         88   _printf_intcommon.o
         0          0          0          0          0          0   _printf_percent.o
         4          0          0          0          0          0   _printf_percent_end.o
         6          0          0          0          0          0   _printf_s.o
        82          0          0          0          0         80   _printf_str.o
         6          0          0          0          0          0   _printf_x.o
        22          0          0          0          0        100   _rserrno.o
        10          0          0          0          0         68   _sputc.o
        12          0          0          0          0         72   exit.o
         8          0          0          0          0         68   ferror.o
         6          0          0          0          0        152   heapauxi.o
         2          0          0          0          0          0   libinit.o
         2          0          0          0          0          0   libinit2.o
         2          0          0          0          0          0   libshutdown.o
         2          0          0          0          0          0   libshutdown2.o
         8          4          0          0         96         68   libspace.o
        24          4          0          0          0         84   noretval__2printf.o
        40          6          0          0          0         84   noretval__2sprintf.o
         8          4          0          0          0         68   rt_errno_addr_intlibspace.o
         2          0          0          0          0          0   rtexit.o
        10          0          0          0          0          0   rtexit2.o
       128          0          0          0          0         68   strcmpv7m.o
        74          0          0          0          0         80   sys_stackheap_outer.o
         2          0          0          0          0         68   use_no_semi.o
         2          0          0          0          0         68   use_no_semi_2.o
       826         16          0          0          0        348   daddsub_clz.o
        16          4          0          0          0         68   dcheck1.o
        24          0          0          0          0         68   dcmpi.o
       688        140          0          0          0        208   ddiv.o
        94          4          0          0          0         92   dfix.o
        90          4          0          0          0         92   dfixu.o
        84          0          0          0          0        136   dflt_clz.o
       120          4          0          0          0         92   dleqf.o
       340         12          0          0          0        104   dmul.o
       156          4          0          0          0         92   dnaninf.o
        12          0          0          0          0         68   dretinf.o
       108          0          0          0          0         80   drleqf.o
       460         56          0          0          0        120   dsqrt_noumaal.o
        86          4          0          0          0         84   f2d.o
       430          8          0          0          0        168   faddsub_clz.o
       388         76          0          0          0         96   fdiv.o
        54          4          0          0          0         84   ffix.o
        62          4          0          0          0         84   ffixu.o
        86          0          0          0          0        136   fflt_clz.o
       258          4          0          0          0         84   fmul.o
       140          4          0          0          0         84   fnaninf.o
        10          0          0          0          0         68   fretinf.o
       100          0          0          0          0         68   retnan.o
        92          0          0          0          0         68   scalbn.o
        48          0          0          0          0         68   trapv.o
         0          0          0          0          0          0   usenofp.o
       156          8          0          0          0        104   cos.o
       252         22         48          0          0        124   cos_i.o
        34          6          0          0          0        204   dunder.o
        40          0          0          0          0         68   fpclassify.o
       170          0          0          0          0         96   poly.o
       904         76        200          0          0        140   rred.o
       160         10          0          0          0        108   sin.o
       236         12         40          0          0        128   sin_i.o
        76          0          0          0          0         84   sqrt.o

    ----------------------------------------------------------------------
      8046        538        328          0         96       5548   Library Totals
        28          0          0          0          0          0   (incl. Padding)

    ----------------------------------------------------------------------

      Code (inc. data)   RO Data    RW Data    ZI Data      Debug   Library Name

      1218         56         40          0         96       1832   c_w.l
      4772        348          0          0          0       2660   fz_ws.l
      2028        134        288          0          0       1056   m_ws.l

    ----------------------------------------------------------------------
      8046        538        328          0         96       5548   Library Totals

    ----------------------------------------------------------------------

==============================================================================


      Code (inc. data)   RO Data    RW Data    ZI Data      Debug   

     40270       1776       7094        128       1848     321475   Grand Totals
     40270       1776       7094        128       1848     321475   ELF Image Totals
     40270       1776       7094        128          0          0   ROM Totals

==============================================================================

    Total RO  Size (Code + RO Data)                47364 (  46.25kB)
    Total RW  Size (RW Data + ZI Data)              1976 (   1.93kB)
    Total ROM Size (Code + RO Data + RW Data)      47492 (  46.38kB)

==============================================================================

